2025-11-19T08:43:47:   ▲ Next.js 14.2.16
2025-11-19T08:43:47:   - Local:        http://localhost:3000
2025-11-19T08:43:47: 
2025-11-19T08:43:47:  ✓ Starting...
2025-11-19T08:43:47:  ✓ Ready in 159ms
2025-11-19T08:47:36:   ▲ Next.js 14.2.16
2025-11-19T08:47:36:   - Local:        http://localhost:3000
2025-11-19T08:47:36: 
2025-11-19T08:47:36:  ✓ Starting...
2025-11-19T08:47:36:  ✓ Ready in 338ms
2025-11-19T08:47:43:   ▲ Next.js 14.2.16
2025-11-19T08:47:43:   - Local:        http://localhost:3000
2025-11-19T08:47:43: 
2025-11-19T08:47:43:  ✓ Starting...
2025-11-19T08:47:43:  ✓ Ready in 185ms
2025-11-19T08:48:57:   ▲ Next.js 14.2.16
2025-11-19T08:48:57:   - Local:        http://localhost:3000
2025-11-19T08:48:57: 
2025-11-19T08:48:57:  ✓ Starting...
2025-11-19T08:48:57:  ✓ Ready in 233ms
2025-11-19T08:49:06:   ▲ Next.js 14.2.16
2025-11-19T08:49:06:   - Local:        http://localhost:3000
2025-11-19T08:49:06: 
2025-11-19T08:49:06:  ✓ Starting...
2025-11-19T08:49:06:  ✓ Ready in 230ms
2025-11-19T08:49:34:   ▲ Next.js 14.2.16
2025-11-19T08:49:34:   - Local:        http://localhost:3000
2025-11-19T08:49:34: 
2025-11-19T08:49:34:  ✓ Starting...
2025-11-19T08:49:34:  ✓ Ready in 259ms
2025-11-19T08:49:42:   ▲ Next.js 14.2.16
2025-11-19T08:49:42:   - Local:        http://localhost:3000
2025-11-19T08:49:42: 
2025-11-19T08:49:42:  ✓ Starting...
2025-11-19T08:49:42:  ✓ Ready in 620ms
2025-11-19T08:50:00:   ▲ Next.js 14.2.16
2025-11-19T08:50:00:   - Local:        http://localhost:3000
2025-11-19T08:50:00: 
2025-11-19T08:50:00:  ✓ Starting...
2025-11-19T08:50:00:  ✓ Ready in 987ms
2025-11-19T09:14:01:   ▲ Next.js 14.2.16
2025-11-19T09:14:01:   - Local:        http://localhost:3000
2025-11-19T09:14:01: 
2025-11-19T09:14:01:  ✓ Starting...
2025-11-19T09:14:01:  ✓ Ready in 262ms
2025-11-19T09:14:11:   ▲ Next.js 14.2.16
2025-11-19T09:14:11:   - Local:        http://localhost:3000
2025-11-19T09:14:11: 
2025-11-19T09:14:11:  ✓ Starting...
2025-11-19T09:14:11:  ✓ Ready in 271ms
2025-11-20T08:54:58:   ▲ Next.js 14.2.16
2025-11-20T08:54:58:   - Local:        http://localhost:3000
2025-11-20T08:54:58: 
2025-11-20T08:54:58:  ✓ Starting...
2025-11-20T08:54:59:  ✓ Ready in 295ms
2025-11-20T09:02:42:   ▲ Next.js 14.2.16
2025-11-20T09:02:42:   - Local:        http://localhost:3000
2025-11-20T09:02:42: 
2025-11-20T09:02:42:  ✓ Starting...
2025-11-20T09:02:42:  ✓ Ready in 259ms
2025-11-20T09:04:04:   ▲ Next.js 14.2.16
2025-11-20T09:04:04:   - Local:        http://localhost:3000
2025-11-20T09:04:04: 
2025-11-20T09:04:04:  ✓ Starting...
2025-11-20T09:04:05:  ✓ Ready in 208ms
2025-11-20T09:04:15:   ▲ Next.js 14.2.16
2025-11-20T09:04:15:   - Local:        http://localhost:3000
2025-11-20T09:04:15: 
2025-11-20T09:04:15:  ✓ Starting...
2025-11-20T09:04:15:  ✓ Ready in 198ms
2025-11-20T09:05:07:   ▲ Next.js 14.2.16
2025-11-20T09:05:07:   - Local:        http://localhost:3000
2025-11-20T09:05:07: 
2025-11-20T09:05:07:  ✓ Starting...
2025-11-20T09:05:07:  ✓ Ready in 249ms
2025-11-20T09:06:17:   ▲ Next.js 14.2.16
2025-11-20T09:06:17:   - Local:        http://localhost:3000
2025-11-20T09:06:17: 
2025-11-20T09:06:17:  ✓ Starting...
2025-11-20T09:06:17:  ✓ Ready in 220ms
2025-11-20T09:07:38:   ▲ Next.js 14.2.16
2025-11-20T09:07:38:   - Local:        http://localhost:3000
2025-11-20T09:07:38: 
2025-11-20T09:07:38:  ✓ Starting...
2025-11-20T09:07:38:  ✓ Ready in 213ms
2025-11-20T09:08:33:   ▲ Next.js 14.2.16
2025-11-20T09:08:33:   - Local:        http://localhost:3000
2025-11-20T09:08:33: 
2025-11-20T09:08:33:  ✓ Starting...
2025-11-20T09:08:33:  ✓ Ready in 251ms
2025-11-20T09:08:41:   ▲ Next.js 14.2.16
2025-11-20T09:08:41:   - Local:        http://localhost:3000
2025-11-20T09:08:41: 
2025-11-20T09:08:41:  ✓ Starting...
2025-11-20T09:08:41:  ✓ Ready in 209ms
2025-11-20T09:08:57:   ▲ Next.js 14.2.16
2025-11-20T09:08:57:   - Local:        http://localhost:3000
2025-11-20T09:08:57: 
2025-11-20T09:08:57:  ✓ Starting...
2025-11-20T09:08:58:  ✓ Ready in 263ms
2025-11-20T12:37:34:   ▲ Next.js 14.2.16
2025-11-20T12:37:34:   - Local:        http://localhost:3000
2025-11-20T12:37:34: 
2025-11-20T12:37:34:  ✓ Starting...
2025-11-20T12:37:34:  ✓ Ready in 287ms
2025-11-20T12:40:09:   ▲ Next.js 14.2.16
2025-11-20T12:40:09:   - Local:        http://localhost:3000
2025-11-20T12:40:09: 
2025-11-20T12:40:09:  ✓ Starting...
2025-11-20T12:40:09:  ✓ Ready in 291ms
2025-11-20T12:44:48:   ▲ Next.js 14.2.16
2025-11-20T12:44:48:   - Local:        http://localhost:3000
2025-11-20T12:44:48: 
2025-11-20T12:44:48:  ✓ Starting...
2025-11-20T12:44:48:  ✓ Ready in 248ms
2025-11-20T12:45:02:   ▲ Next.js 14.2.16
2025-11-20T12:45:02:   - Local:        http://localhost:3000
2025-11-20T12:45:02: 
2025-11-20T12:45:02:  ✓ Starting...
2025-11-20T12:45:03:  ✓ Ready in 215ms
2025-11-25T09:29:30:   ▲ Next.js 14.2.16
2025-11-25T09:29:30:   - Local:        http://localhost:3000
2025-11-25T09:29:30: 
2025-11-25T09:29:30:  ✓ Starting...
2025-11-25T09:29:30:  ✓ Ready in 325ms
2025-11-25T09:29:46:   ▲ Next.js 14.2.16
2025-11-25T09:29:46:   - Local:        http://localhost:3000
2025-11-25T09:29:46: 
2025-11-25T09:29:46:  ✓ Starting...
2025-11-25T09:29:46:  ✓ Ready in 223ms
2025-11-25T09:29:59:   ▲ Next.js 14.2.16
2025-11-25T09:29:59:   - Local:        http://localhost:3000
2025-11-25T09:29:59: 
2025-11-25T09:29:59:  ✓ Starting...
2025-11-25T09:30:00:  ✓ Ready in 256ms
2025-11-25T09:33:52:   ▲ Next.js 14.2.16
2025-11-25T09:33:52:   - Local:        http://localhost:3000
2025-11-25T09:33:52: 
2025-11-25T09:33:52:  ✓ Starting...
2025-11-25T09:33:52:  ✓ Ready in 1501ms
2025-11-25T09:42:22:   ▲ Next.js 14.2.16
2025-11-25T09:42:22:   - Local:        http://localhost:3000
2025-11-25T09:42:22: 
2025-11-25T09:42:22:  ✓ Starting...
2025-11-25T09:42:22:  ✓ Ready in 347ms
2025-11-25T09:42:50:   ▲ Next.js 14.2.16
2025-11-25T09:42:50:   - Local:        http://localhost:3000
2025-11-25T09:42:50: 
2025-11-25T09:42:50:  ✓ Starting...
2025-11-25T09:42:50:  ✓ Ready in 218ms
2025-11-25T09:45:20: 🔐 Login attempt: { username: 'wanadiba2906', passwordLength: 9 }
2025-11-25T09:45:20: 👤 User lookup: { username: 'wanadiba2906', found: true, userId: '01' }
2025-11-25T09:45:20: 🔑 Password check: {
2025-11-25T09:45:20:   match: true,
2025-11-25T09:45:20:   storedLength: 9,
2025-11-25T09:45:20:   providedLength: 9,
2025-11-25T09:45:20:   storedPreview: 'Azm...',
2025-11-25T09:45:20:   providedPreview: 'Azm...'
2025-11-25T09:45:20: }
2025-11-25T09:45:20: 🍪 Set cookies without Secure flag for localhost
2025-11-25T09:45:20: ✅ Login successful: { userId: '01', username: 'wanadiba2906', isAdmin: 0 }
2025-11-25T10:21:13: 🔐 Login attempt: { username: 'wanadiba2906', passwordLength: 9 }
2025-11-25T10:21:13: 👤 User lookup: { username: 'wanadiba2906', found: true, userId: '01' }
2025-11-25T10:21:13: 🔑 Password check: {
2025-11-25T10:21:13:   match: true,
2025-11-25T10:21:13:   storedLength: 9,
2025-11-25T10:21:13:   providedLength: 9,
2025-11-25T10:21:13:   storedPreview: 'Azm...',
2025-11-25T10:21:13:   providedPreview: 'Azm...'
2025-11-25T10:21:13: }
2025-11-25T10:21:13: 🍪 Set cookies without Secure flag for localhost
2025-11-25T10:21:13: ✅ Login successful: { userId: '01', username: 'wanadiba2906', isAdmin: 0 }
2025-11-25T11:47:44:   ▲ Next.js 14.2.16
2025-11-25T11:47:44:   - Local:        http://localhost:3000
2025-11-25T11:47:44: 
2025-11-25T11:47:44:  ✓ Starting...
2025-11-25T11:47:48:   ▲ Next.js 14.2.16
2025-11-25T11:47:48:   - Local:        http://localhost:3000
2025-11-25T11:47:48: 
2025-11-25T11:47:48:  ✓ Starting...
2025-11-25T11:47:53:   ▲ Next.js 14.2.16
2025-11-25T11:47:53:   - Local:        http://localhost:3000
2025-11-25T11:47:53: 
2025-11-25T11:47:53:  ✓ Starting...
2025-11-25T11:47:57:   ▲ Next.js 14.2.16
2025-11-25T11:47:57:   - Local:        http://localhost:3000
2025-11-25T11:47:57: 
2025-11-25T11:47:57:  ✓ Starting...
2025-11-25T11:48:01:   ▲ Next.js 14.2.16
2025-11-25T11:48:01:   - Local:        http://localhost:3000
2025-11-25T11:48:01: 
2025-11-25T11:48:01:  ✓ Starting...
2025-11-25T11:48:05:   ▲ Next.js 14.2.16
2025-11-25T11:48:05:   - Local:        http://localhost:3000
2025-11-25T11:48:05: 
2025-11-25T11:48:05:  ✓ Starting...
2025-11-25T11:48:10:   ▲ Next.js 14.2.16
2025-11-25T11:48:10:   - Local:        http://localhost:3000
2025-11-25T11:48:10: 
2025-11-25T11:48:10:  ✓ Starting...
2025-11-25T11:48:14:   ▲ Next.js 14.2.16
2025-11-25T11:48:14:   - Local:        http://localhost:3000
2025-11-25T11:48:14: 
2025-11-25T11:48:14:  ✓ Starting...
2025-11-25T11:48:18:   ▲ Next.js 14.2.16
2025-11-25T11:48:18:   - Local:        http://localhost:3000
2025-11-25T11:48:18: 
2025-11-25T11:48:18:  ✓ Starting...
2025-11-25T11:48:23:   ▲ Next.js 14.2.16
2025-11-25T11:48:23:   - Local:        http://localhost:3000
2025-11-25T11:48:23: 
2025-11-25T11:48:23:  ✓ Starting...
2025-11-25T11:48:27:   ▲ Next.js 14.2.16
2025-11-25T11:48:27:   - Local:        http://localhost:3000
2025-11-25T11:48:27: 
2025-11-25T11:48:27:  ✓ Starting...
2025-11-25T11:48:31:   ▲ Next.js 14.2.16
2025-11-25T11:48:31:   - Local:        http://localhost:3000
2025-11-25T11:48:31: 
2025-11-25T11:48:31:  ✓ Starting...
2025-11-25T11:48:35:   ▲ Next.js 14.2.16
2025-11-25T11:48:35:   - Local:        http://localhost:3000
2025-11-25T11:48:35: 
2025-11-25T11:48:35:  ✓ Starting...
2025-11-25T11:48:40:   ▲ Next.js 14.2.16
2025-11-25T11:48:40:   - Local:        http://localhost:3000
2025-11-25T11:48:40: 
2025-11-25T11:48:40:  ✓ Starting...
2025-11-25T11:48:44:   ▲ Next.js 14.2.16
2025-11-25T11:48:44:   - Local:        http://localhost:3000
2025-11-25T11:48:44: 
2025-11-25T11:48:44:  ✓ Starting...
2025-11-25T11:48:48:   ▲ Next.js 14.2.16
2025-11-25T11:48:48:   - Local:        http://localhost:3000
2025-11-25T11:48:48: 
2025-11-25T11:48:48:  ✓ Starting...
2025-11-25T11:48:52:   ▲ Next.js 14.2.16
2025-11-25T11:48:52:   - Local:        http://localhost:3000
2025-11-25T11:48:52: 
2025-11-25T11:48:52:  ✓ Starting...
2025-11-25T11:48:57:   ▲ Next.js 14.2.16
2025-11-25T11:48:57:   - Local:        http://localhost:3000
2025-11-25T11:48:57: 
2025-11-25T11:48:57:  ✓ Starting...
2025-11-25T11:49:01:   ▲ Next.js 14.2.16
2025-11-25T11:49:01:   - Local:        http://localhost:3000
2025-11-25T11:49:01: 
2025-11-25T11:49:01:  ✓ Starting...
2025-11-25T11:49:05:   ▲ Next.js 14.2.16
2025-11-25T11:49:05:   - Local:        http://localhost:3000
2025-11-25T11:49:05: 
2025-11-25T11:49:05:  ✓ Starting...
2025-11-25T11:49:09:   ▲ Next.js 14.2.16
2025-11-25T11:49:09:   - Local:        http://localhost:3000
2025-11-25T11:49:09: 
2025-11-25T11:49:09:  ✓ Starting...
2025-11-25T11:49:14:   ▲ Next.js 14.2.16
2025-11-25T11:49:14:   - Local:        http://localhost:3000
2025-11-25T11:49:14: 
2025-11-25T11:49:14:  ✓ Starting...
2025-11-25T11:49:18:   ▲ Next.js 14.2.16
2025-11-25T11:49:18:   - Local:        http://localhost:3000
2025-11-25T11:49:18: 
2025-11-25T11:49:18:  ✓ Starting...
2025-11-25T11:49:22:   ▲ Next.js 14.2.16
2025-11-25T11:49:22:   - Local:        http://localhost:3000
2025-11-25T11:49:22: 
2025-11-25T11:49:22:  ✓ Starting...
2025-11-25T11:49:26:   ▲ Next.js 14.2.16
2025-11-25T11:49:26:   - Local:        http://localhost:3000
2025-11-25T11:49:26: 
2025-11-25T11:49:26:  ✓ Starting...
2025-11-25T11:49:31:   ▲ Next.js 14.2.16
2025-11-25T11:49:31:   - Local:        http://localhost:3000
2025-11-25T11:49:31: 
2025-11-25T11:49:31:  ✓ Starting...
2025-11-25T11:49:35:   ▲ Next.js 14.2.16
2025-11-25T11:49:35:   - Local:        http://localhost:3000
2025-11-25T11:49:35: 
2025-11-25T11:49:35:  ✓ Starting...
2025-11-25T11:49:39:   ▲ Next.js 14.2.16
2025-11-25T11:49:39:   - Local:        http://localhost:3000
2025-11-25T11:49:39: 
2025-11-25T11:49:39:  ✓ Starting...
2025-11-25T11:49:44:   ▲ Next.js 14.2.16
2025-11-25T11:49:44:   - Local:        http://localhost:3000
2025-11-25T11:49:44: 
2025-11-25T11:49:44:  ✓ Starting...
2025-11-25T11:49:48:   ▲ Next.js 14.2.16
2025-11-25T11:49:48:   - Local:        http://localhost:3000
2025-11-25T11:49:48: 
2025-11-25T11:49:48:  ✓ Starting...
2025-11-25T11:49:52:   ▲ Next.js 14.2.16
2025-11-25T11:49:52:   - Local:        http://localhost:3000
2025-11-25T11:49:52: 
2025-11-25T11:49:52:  ✓ Starting...
2025-11-25T11:49:56:   ▲ Next.js 14.2.16
2025-11-25T11:49:56:   - Local:        http://localhost:3000
2025-11-25T11:49:56: 
2025-11-25T11:49:56:  ✓ Starting...
2025-11-25T11:50:01:   ▲ Next.js 14.2.16
2025-11-25T11:50:01:   - Local:        http://localhost:3000
2025-11-25T11:50:01: 
2025-11-25T11:50:01:  ✓ Starting...
2025-11-25T11:50:05:   ▲ Next.js 14.2.16
2025-11-25T11:50:05:   - Local:        http://localhost:3000
2025-11-25T11:50:05: 
2025-11-25T11:50:05:  ✓ Starting...
2025-11-25T11:50:09:   ▲ Next.js 14.2.16
2025-11-25T11:50:09:   - Local:        http://localhost:3000
2025-11-25T11:50:09: 
2025-11-25T11:50:09:  ✓ Starting...
2025-11-25T11:50:13:   ▲ Next.js 14.2.16
2025-11-25T11:50:13:   - Local:        http://localhost:3000
2025-11-25T11:50:13: 
2025-11-25T11:50:13:  ✓ Starting...
2025-11-25T11:50:18:   ▲ Next.js 14.2.16
2025-11-25T11:50:18:   - Local:        http://localhost:3000
2025-11-25T11:50:18: 
2025-11-25T11:50:18:  ✓ Starting...
2025-11-25T11:50:22:   ▲ Next.js 14.2.16
2025-11-25T11:50:22:   - Local:        http://localhost:3000
2025-11-25T11:50:22: 
2025-11-25T11:50:22:  ✓ Starting...
2025-11-25T11:50:26:   ▲ Next.js 14.2.16
2025-11-25T11:50:26:   - Local:        http://localhost:3000
2025-11-25T11:50:26: 
2025-11-25T11:50:26:  ✓ Starting...
2025-11-25T11:50:30:   ▲ Next.js 14.2.16
2025-11-25T11:50:30:   - Local:        http://localhost:3000
2025-11-25T11:50:30: 
2025-11-25T11:50:30:  ✓ Starting...
2025-11-25T11:50:35:   ▲ Next.js 14.2.16
2025-11-25T11:50:35:   - Local:        http://localhost:3000
2025-11-25T11:50:35: 
2025-11-25T11:50:35:  ✓ Starting...
2025-11-25T11:50:39:   ▲ Next.js 14.2.16
2025-11-25T11:50:39:   - Local:        http://localhost:3000
2025-11-25T11:50:39: 
2025-11-25T11:50:39:  ✓ Starting...
2025-11-25T11:50:43:   ▲ Next.js 14.2.16
2025-11-25T11:50:43:   - Local:        http://localhost:3000
2025-11-25T11:50:43: 
2025-11-25T11:50:43:  ✓ Starting...
2025-11-25T11:50:47:   ▲ Next.js 14.2.16
2025-11-25T11:50:47:   - Local:        http://localhost:3000
2025-11-25T11:50:47: 
2025-11-25T11:50:47:  ✓ Starting...
2025-11-25T11:50:52:   ▲ Next.js 14.2.16
2025-11-25T11:50:52:   - Local:        http://localhost:3000
2025-11-25T11:50:52: 
2025-11-25T11:50:52:  ✓ Starting...
2025-11-25T11:50:56:   ▲ Next.js 14.2.16
2025-11-25T11:50:56:   - Local:        http://localhost:3000
2025-11-25T11:50:56: 
2025-11-25T11:50:56:  ✓ Starting...
2025-11-25T11:51:00:   ▲ Next.js 14.2.16
2025-11-25T11:51:00:   - Local:        http://localhost:3000
2025-11-25T11:51:00: 
2025-11-25T11:51:00:  ✓ Starting...
2025-11-25T11:51:04:   ▲ Next.js 14.2.16
2025-11-25T11:51:04:   - Local:        http://localhost:3000
2025-11-25T11:51:04: 
2025-11-25T11:51:04:  ✓ Starting...
2025-11-25T11:51:09:   ▲ Next.js 14.2.16
2025-11-25T11:51:09:   - Local:        http://localhost:3000
2025-11-25T11:51:09: 
2025-11-25T11:51:09:  ✓ Starting...
2025-11-25T11:51:13:   ▲ Next.js 14.2.16
2025-11-25T11:51:13:   - Local:        http://localhost:3000
2025-11-25T11:51:13: 
2025-11-25T11:51:13:  ✓ Starting...
2025-11-25T11:51:17:   ▲ Next.js 14.2.16
2025-11-25T11:51:17:   - Local:        http://localhost:3000
2025-11-25T11:51:17: 
2025-11-25T11:51:17:  ✓ Starting...
2025-11-25T11:51:21:   ▲ Next.js 14.2.16
2025-11-25T11:51:21:   - Local:        http://localhost:3000
2025-11-25T11:51:21: 
2025-11-25T11:51:21:  ✓ Starting...
2025-11-25T11:51:26:   ▲ Next.js 14.2.16
2025-11-25T11:51:26:   - Local:        http://localhost:3000
2025-11-25T11:51:26: 
2025-11-25T11:51:26:  ✓ Starting...
2025-11-25T11:51:30:   ▲ Next.js 14.2.16
2025-11-25T11:51:30:   - Local:        http://localhost:3000
2025-11-25T11:51:30: 
2025-11-25T11:51:30:  ✓ Starting...
2025-11-25T11:51:34:   ▲ Next.js 14.2.16
2025-11-25T11:51:34:   - Local:        http://localhost:3000
2025-11-25T11:51:34: 
2025-11-25T11:51:34:  ✓ Starting...
2025-11-25T11:51:38:   ▲ Next.js 14.2.16
2025-11-25T11:51:38:   - Local:        http://localhost:3000
2025-11-25T11:51:38: 
2025-11-25T11:51:38:  ✓ Starting...
2025-11-25T11:51:43:   ▲ Next.js 14.2.16
2025-11-25T11:51:43:   - Local:        http://localhost:3000
2025-11-25T11:51:43: 
2025-11-25T11:51:43:  ✓ Starting...
2025-11-25T11:51:47:   ▲ Next.js 14.2.16
2025-11-25T11:51:47:   - Local:        http://localhost:3000
2025-11-25T11:51:47: 
2025-11-25T11:51:47:  ✓ Starting...
2025-11-25T11:51:51:   ▲ Next.js 14.2.16
2025-11-25T11:51:51:   - Local:        http://localhost:3000
2025-11-25T11:51:51: 
2025-11-25T11:51:51:  ✓ Starting...
2025-11-25T11:51:55:   ▲ Next.js 14.2.16
2025-11-25T11:51:55:   - Local:        http://localhost:3000
2025-11-25T11:51:55: 
2025-11-25T11:51:55:  ✓ Starting...
2025-11-25T11:52:00:   ▲ Next.js 14.2.16
2025-11-25T11:52:00:   - Local:        http://localhost:3000
2025-11-25T11:52:00: 
2025-11-25T11:52:00:  ✓ Starting...
2025-11-25T11:52:04:   ▲ Next.js 14.2.16
2025-11-25T11:52:04:   - Local:        http://localhost:3000
2025-11-25T11:52:04: 
2025-11-25T11:52:04:  ✓ Starting...
2025-11-25T11:52:08:   ▲ Next.js 14.2.16
2025-11-25T11:52:08:   - Local:        http://localhost:3000
2025-11-25T11:52:08: 
2025-11-25T11:52:08:  ✓ Starting...
2025-11-25T11:52:13:   ▲ Next.js 14.2.16
2025-11-25T11:52:13:   - Local:        http://localhost:3000
2025-11-25T11:52:13: 
2025-11-25T11:52:13:  ✓ Starting...
2025-11-25T11:52:17:   ▲ Next.js 14.2.16
2025-11-25T11:52:17:   - Local:        http://localhost:3000
2025-11-25T11:52:17: 
2025-11-25T11:52:17:  ✓ Starting...
2025-11-25T11:52:21:   ▲ Next.js 14.2.16
2025-11-25T11:52:21:   - Local:        http://localhost:3000
2025-11-25T11:52:21: 
2025-11-25T11:52:21:  ✓ Starting...
2025-11-25T11:52:25:   ▲ Next.js 14.2.16
2025-11-25T11:52:25:   - Local:        http://localhost:3000
2025-11-25T11:52:25: 
2025-11-25T11:52:25:  ✓ Starting...
2025-11-25T11:52:30:   ▲ Next.js 14.2.16
2025-11-25T11:52:30:   - Local:        http://localhost:3000
2025-11-25T11:52:30: 
2025-11-25T11:52:30:  ✓ Starting...
2025-11-25T11:52:34:   ▲ Next.js 14.2.16
2025-11-25T11:52:34:   - Local:        http://localhost:3000
2025-11-25T11:52:34: 
2025-11-25T11:52:34:  ✓ Starting...
2025-11-25T11:52:38:   ▲ Next.js 14.2.16
2025-11-25T11:52:38:   - Local:        http://localhost:3000
2025-11-25T11:52:38: 
2025-11-25T11:52:38:  ✓ Starting...
2025-11-25T11:52:42:   ▲ Next.js 14.2.16
2025-11-25T11:52:42:   - Local:        http://localhost:3000
2025-11-25T11:52:42: 
2025-11-25T11:52:42:  ✓ Starting...
2025-11-25T11:52:47:   ▲ Next.js 14.2.16
2025-11-25T11:52:47:   - Local:        http://localhost:3000
2025-11-25T11:52:47: 
2025-11-25T11:52:47:  ✓ Starting...
2025-11-25T11:52:51:   ▲ Next.js 14.2.16
2025-11-25T11:52:51:   - Local:        http://localhost:3000
2025-11-25T11:52:51: 
2025-11-25T11:52:51:  ✓ Starting...
2025-11-25T11:52:55:   ▲ Next.js 14.2.16
2025-11-25T11:52:55:   - Local:        http://localhost:3000
2025-11-25T11:52:55: 
2025-11-25T11:52:55:  ✓ Starting...
2025-11-25T11:52:59:   ▲ Next.js 14.2.16
2025-11-25T11:52:59:   - Local:        http://localhost:3000
2025-11-25T11:52:59: 
2025-11-25T11:52:59:  ✓ Starting...
2025-11-25T11:53:04:   ▲ Next.js 14.2.16
2025-11-25T11:53:04:   - Local:        http://localhost:3000
2025-11-25T11:53:04: 
2025-11-25T11:53:04:  ✓ Starting...
2025-11-25T11:53:08:   ▲ Next.js 14.2.16
2025-11-25T11:53:08:   - Local:        http://localhost:3000
2025-11-25T11:53:08: 
2025-11-25T11:53:08:  ✓ Starting...
2025-11-25T11:53:12:   ▲ Next.js 14.2.16
2025-11-25T11:53:12:   - Local:        http://localhost:3000
2025-11-25T11:53:12: 
2025-11-25T11:53:12:  ✓ Starting...
2025-11-25T11:53:17:   ▲ Next.js 14.2.16
2025-11-25T11:53:17:   - Local:        http://localhost:3000
2025-11-25T11:53:17: 
2025-11-25T11:53:17:  ✓ Starting...
2025-11-25T11:53:21:   ▲ Next.js 14.2.16
2025-11-25T11:53:21:   - Local:        http://localhost:3000
2025-11-25T11:53:21: 
2025-11-25T11:53:21:  ✓ Starting...
2025-11-25T11:53:25:   ▲ Next.js 14.2.16
2025-11-25T11:53:25:   - Local:        http://localhost:3000
2025-11-25T11:53:25: 
2025-11-25T11:53:25:  ✓ Starting...
2025-11-25T11:53:29:   ▲ Next.js 14.2.16
2025-11-25T11:53:29:   - Local:        http://localhost:3000
2025-11-25T11:53:29: 
2025-11-25T11:53:29:  ✓ Starting...
2025-11-25T11:53:34:   ▲ Next.js 14.2.16
2025-11-25T11:53:34:   - Local:        http://localhost:3000
2025-11-25T11:53:34: 
2025-11-25T11:53:34:  ✓ Starting...
2025-11-25T11:53:38:   ▲ Next.js 14.2.16
2025-11-25T11:53:38:   - Local:        http://localhost:3000
2025-11-25T11:53:38: 
2025-11-25T11:53:38:  ✓ Starting...
2025-11-25T11:53:42:   ▲ Next.js 14.2.16
2025-11-25T11:53:42:   - Local:        http://localhost:3000
2025-11-25T11:53:42: 
2025-11-25T11:53:42:  ✓ Starting...
2025-11-25T11:53:47:   ▲ Next.js 14.2.16
2025-11-25T11:53:47:   - Local:        http://localhost:3000
2025-11-25T11:53:47: 
2025-11-25T11:53:47:  ✓ Starting...
2025-11-25T11:53:51:   ▲ Next.js 14.2.16
2025-11-25T11:53:51:   - Local:        http://localhost:3000
2025-11-25T11:53:51: 
2025-11-25T11:53:51:  ✓ Starting...
2025-11-25T11:53:55:   ▲ Next.js 14.2.16
2025-11-25T11:53:55:   - Local:        http://localhost:3000
2025-11-25T11:53:55: 
2025-11-25T11:53:55:  ✓ Starting...
2025-11-25T11:53:59:   ▲ Next.js 14.2.16
2025-11-25T11:53:59:   - Local:        http://localhost:3000
2025-11-25T11:53:59: 
2025-11-25T11:53:59:  ✓ Starting...
2025-11-25T11:54:04:   ▲ Next.js 14.2.16
2025-11-25T11:54:04:   - Local:        http://localhost:3000
2025-11-25T11:54:04: 
2025-11-25T11:54:04:  ✓ Starting...
2025-11-25T11:54:08:   ▲ Next.js 14.2.16
2025-11-25T11:54:08:   - Local:        http://localhost:3000
2025-11-25T11:54:08: 
2025-11-25T11:54:08:  ✓ Starting...
2025-11-25T11:54:12:   ▲ Next.js 14.2.16
2025-11-25T11:54:12:   - Local:        http://localhost:3000
2025-11-25T11:54:12: 
2025-11-25T11:54:12:  ✓ Starting...
2025-11-25T11:54:16:   ▲ Next.js 14.2.16
2025-11-25T11:54:16:   - Local:        http://localhost:3000
2025-11-25T11:54:16: 
2025-11-25T11:54:16:  ✓ Starting...
2025-11-25T11:54:21:   ▲ Next.js 14.2.16
2025-11-25T11:54:21:   - Local:        http://localhost:3000
2025-11-25T11:54:21: 
2025-11-25T11:54:21:  ✓ Starting...
2025-11-25T11:54:25:   ▲ Next.js 14.2.16
2025-11-25T11:54:25:   - Local:        http://localhost:3000
2025-11-25T11:54:25: 
2025-11-25T11:54:25:  ✓ Starting...
2025-11-25T11:54:29:   ▲ Next.js 14.2.16
2025-11-25T11:54:29:   - Local:        http://localhost:3000
2025-11-25T11:54:29: 
2025-11-25T11:54:29:  ✓ Starting...
2025-11-25T11:54:33:   ▲ Next.js 14.2.16
2025-11-25T11:54:33:   - Local:        http://localhost:3000
2025-11-25T11:54:33: 
2025-11-25T11:54:33:  ✓ Starting...
2025-11-25T11:54:38:   ▲ Next.js 14.2.16
2025-11-25T11:54:38:   - Local:        http://localhost:3000
2025-11-25T11:54:38: 
2025-11-25T11:54:38:  ✓ Starting...
2025-11-25T11:54:42:   ▲ Next.js 14.2.16
2025-11-25T11:54:42:   - Local:        http://localhost:3000
2025-11-25T11:54:42: 
2025-11-25T11:54:42:  ✓ Starting...
2025-11-25T11:54:46:   ▲ Next.js 14.2.16
2025-11-25T11:54:46:   - Local:        http://localhost:3000
2025-11-25T11:54:46: 
2025-11-25T11:54:46:  ✓ Starting...
2025-11-25T11:54:50:   ▲ Next.js 14.2.16
2025-11-25T11:54:50:   - Local:        http://localhost:3000
2025-11-25T11:54:50: 
2025-11-25T11:54:50:  ✓ Starting...
2025-11-25T11:54:54:   ▲ Next.js 14.2.16
2025-11-25T11:54:54:   - Local:        http://localhost:3000
2025-11-25T11:54:54: 
2025-11-25T11:54:54:  ✓ Starting...
2025-11-25T11:54:59:   ▲ Next.js 14.2.16
2025-11-25T11:54:59:   - Local:        http://localhost:3000
2025-11-25T11:54:59: 
2025-11-25T11:54:59:  ✓ Starting...
2025-11-25T11:55:03:   ▲ Next.js 14.2.16
2025-11-25T11:55:03:   - Local:        http://localhost:3000
2025-11-25T11:55:03: 
2025-11-25T11:55:03:  ✓ Starting...
2025-11-25T11:55:07:   ▲ Next.js 14.2.16
2025-11-25T11:55:07:   - Local:        http://localhost:3000
2025-11-25T11:55:07: 
2025-11-25T11:55:07:  ✓ Starting...
2025-11-25T11:55:12:   ▲ Next.js 14.2.16
2025-11-25T11:55:12:   - Local:        http://localhost:3000
2025-11-25T11:55:12: 
2025-11-25T11:55:12:  ✓ Starting...
2025-11-25T11:55:16:   ▲ Next.js 14.2.16
2025-11-25T11:55:16:   - Local:        http://localhost:3000
2025-11-25T11:55:16: 
2025-11-25T11:55:16:  ✓ Starting...
2025-11-25T11:55:20:   ▲ Next.js 14.2.16
2025-11-25T11:55:20:   - Local:        http://localhost:3000
2025-11-25T11:55:20: 
2025-11-25T11:55:20:  ✓ Starting...
2025-11-25T11:55:24:   ▲ Next.js 14.2.16
2025-11-25T11:55:24:   - Local:        http://localhost:3000
2025-11-25T11:55:24: 
2025-11-25T11:55:24:  ✓ Starting...
2025-11-25T11:55:29:   ▲ Next.js 14.2.16
2025-11-25T11:55:29:   - Local:        http://localhost:3000
2025-11-25T11:55:29: 
2025-11-25T11:55:29:  ✓ Starting...
2025-11-25T11:55:33:   ▲ Next.js 14.2.16
2025-11-25T11:55:33:   - Local:        http://localhost:3000
2025-11-25T11:55:33: 
2025-11-25T11:55:33:  ✓ Starting...
2025-11-25T11:55:37:   ▲ Next.js 14.2.16
2025-11-25T11:55:37:   - Local:        http://localhost:3000
2025-11-25T11:55:37: 
2025-11-25T11:55:37:  ✓ Starting...
2025-11-25T11:55:41:   ▲ Next.js 14.2.16
2025-11-25T11:55:41:   - Local:        http://localhost:3000
2025-11-25T11:55:41: 
2025-11-25T11:55:41:  ✓ Starting...
2025-11-25T11:55:45:   ▲ Next.js 14.2.16
2025-11-25T11:55:45:   - Local:        http://localhost:3000
2025-11-25T11:55:45: 
2025-11-25T11:55:45:  ✓ Starting...
2025-11-25T11:55:50:   ▲ Next.js 14.2.16
2025-11-25T11:55:50:   - Local:        http://localhost:3000
2025-11-25T11:55:50: 
2025-11-25T11:55:50:  ✓ Starting...
2025-11-25T11:55:54:   ▲ Next.js 14.2.16
2025-11-25T11:55:54:   - Local:        http://localhost:3000
2025-11-25T11:55:54: 
2025-11-25T11:55:54:  ✓ Starting...
2025-11-25T11:55:58:   ▲ Next.js 14.2.16
2025-11-25T11:55:58:   - Local:        http://localhost:3000
2025-11-25T11:55:58: 
2025-11-25T11:55:58:  ✓ Starting...
2025-11-25T11:56:02:   ▲ Next.js 14.2.16
2025-11-25T11:56:02:   - Local:        http://localhost:3000
2025-11-25T11:56:02: 
2025-11-25T11:56:02:  ✓ Starting...
2025-11-25T11:56:07:   ▲ Next.js 14.2.16
2025-11-25T11:56:07:   - Local:        http://localhost:3000
2025-11-25T11:56:07: 
2025-11-25T11:56:07:  ✓ Starting...
2025-11-25T11:56:11:   ▲ Next.js 14.2.16
2025-11-25T11:56:11:   - Local:        http://localhost:3000
2025-11-25T11:56:11: 
2025-11-25T11:56:11:  ✓ Starting...
2025-11-25T11:56:15:   ▲ Next.js 14.2.16
2025-11-25T11:56:15:   - Local:        http://localhost:3000
2025-11-25T11:56:15: 
2025-11-25T11:56:15:  ✓ Starting...
2025-11-25T11:56:19:   ▲ Next.js 14.2.16
2025-11-25T11:56:19:   - Local:        http://localhost:3000
2025-11-25T11:56:19: 
2025-11-25T11:56:19:  ✓ Starting...
2025-11-25T11:56:24:   ▲ Next.js 14.2.16
2025-11-25T11:56:24:   - Local:        http://localhost:3000
2025-11-25T11:56:24: 
2025-11-25T11:56:24:  ✓ Starting...
2025-11-25T11:56:28:   ▲ Next.js 14.2.16
2025-11-25T11:56:28:   - Local:        http://localhost:3000
2025-11-25T11:56:28: 
2025-11-25T11:56:28:  ✓ Starting...
2025-11-25T11:56:32:   ▲ Next.js 14.2.16
2025-11-25T11:56:32:   - Local:        http://localhost:3000
2025-11-25T11:56:32: 
2025-11-25T11:56:32:  ✓ Starting...
2025-11-25T11:56:36:   ▲ Next.js 14.2.16
2025-11-25T11:56:36:   - Local:        http://localhost:3000
2025-11-25T11:56:36: 
2025-11-25T11:56:36:  ✓ Starting...
2025-11-25T11:56:41:   ▲ Next.js 14.2.16
2025-11-25T11:56:41:   - Local:        http://localhost:3000
2025-11-25T11:56:41: 
2025-11-25T11:56:41:  ✓ Starting...
2025-11-25T11:56:45:   ▲ Next.js 14.2.16
2025-11-25T11:56:45:   - Local:        http://localhost:3000
2025-11-25T11:56:45: 
2025-11-25T11:56:45:  ✓ Starting...
2025-11-25T11:56:49:   ▲ Next.js 14.2.16
2025-11-25T11:56:49:   - Local:        http://localhost:3000
2025-11-25T11:56:49: 
2025-11-25T11:56:49:  ✓ Starting...
2025-11-25T11:56:54:   ▲ Next.js 14.2.16
2025-11-25T11:56:54:   - Local:        http://localhost:3000
2025-11-25T11:56:54: 
2025-11-25T11:56:54:  ✓ Starting...
2025-11-25T11:56:58:   ▲ Next.js 14.2.16
2025-11-25T11:56:58:   - Local:        http://localhost:3000
2025-11-25T11:56:58: 
2025-11-25T11:56:58:  ✓ Starting...
2025-11-25T11:57:02:   ▲ Next.js 14.2.16
2025-11-25T11:57:02:   - Local:        http://localhost:3000
2025-11-25T11:57:02: 
2025-11-25T11:57:02:  ✓ Starting...
2025-11-25T11:57:06:   ▲ Next.js 14.2.16
2025-11-25T11:57:06:   - Local:        http://localhost:3000
2025-11-25T11:57:06: 
2025-11-25T11:57:06:  ✓ Starting...
2025-11-25T11:57:11:   ▲ Next.js 14.2.16
2025-11-25T11:57:11:   - Local:        http://localhost:3000
2025-11-25T11:57:11: 
2025-11-25T11:57:11:  ✓ Starting...
2025-11-25T11:57:15:   ▲ Next.js 14.2.16
2025-11-25T11:57:15:   - Local:        http://localhost:3000
2025-11-25T11:57:15: 
2025-11-25T11:57:15:  ✓ Starting...
2025-11-25T11:57:19:   ▲ Next.js 14.2.16
2025-11-25T11:57:19:   - Local:        http://localhost:3000
2025-11-25T11:57:19: 
2025-11-25T11:57:19:  ✓ Starting...
2025-11-25T11:57:23:   ▲ Next.js 14.2.16
2025-11-25T11:57:23:   - Local:        http://localhost:3000
2025-11-25T11:57:23: 
2025-11-25T11:57:23:  ✓ Starting...
2025-11-25T11:57:28:   ▲ Next.js 14.2.16
2025-11-25T11:57:28:   - Local:        http://localhost:3000
2025-11-25T11:57:28: 
2025-11-25T11:57:28:  ✓ Starting...
2025-11-25T11:57:32:   ▲ Next.js 14.2.16
2025-11-25T11:57:32:   - Local:        http://localhost:3000
2025-11-25T11:57:32: 
2025-11-25T11:57:32:  ✓ Starting...
2025-11-25T11:57:36:   ▲ Next.js 14.2.16
2025-11-25T11:57:36:   - Local:        http://localhost:3000
2025-11-25T11:57:36: 
2025-11-25T11:57:36:  ✓ Starting...
2025-11-25T11:57:40:   ▲ Next.js 14.2.16
2025-11-25T11:57:40:   - Local:        http://localhost:3000
2025-11-25T11:57:40: 
2025-11-25T11:57:40:  ✓ Starting...
2025-11-25T11:57:45:   ▲ Next.js 14.2.16
2025-11-25T11:57:45:   - Local:        http://localhost:3000
2025-11-25T11:57:45: 
2025-11-25T11:57:45:  ✓ Starting...
2025-11-25T11:57:49:   ▲ Next.js 14.2.16
2025-11-25T11:57:49:   - Local:        http://localhost:3000
2025-11-25T11:57:49: 
2025-11-25T11:57:49:  ✓ Starting...
2025-11-25T11:57:53:   ▲ Next.js 14.2.16
2025-11-25T11:57:53:   - Local:        http://localhost:3000
2025-11-25T11:57:53: 
2025-11-25T11:57:53:  ✓ Starting...
2025-11-25T11:57:57:   ▲ Next.js 14.2.16
2025-11-25T11:57:57:   - Local:        http://localhost:3000
2025-11-25T11:57:57: 
2025-11-25T11:57:57:  ✓ Starting...
2025-11-25T11:58:02:   ▲ Next.js 14.2.16
2025-11-25T11:58:02:   - Local:        http://localhost:3000
2025-11-25T11:58:02: 
2025-11-25T11:58:02:  ✓ Starting...
2025-11-25T11:58:06:   ▲ Next.js 14.2.16
2025-11-25T11:58:06:   - Local:        http://localhost:3000
2025-11-25T11:58:06: 
2025-11-25T11:58:06:  ✓ Starting...
2025-11-25T11:58:10:   ▲ Next.js 14.2.16
2025-11-25T11:58:10:   - Local:        http://localhost:3000
2025-11-25T11:58:10: 
2025-11-25T11:58:10:  ✓ Starting...
2025-11-25T11:58:15:   ▲ Next.js 14.2.16
2025-11-25T11:58:15:   - Local:        http://localhost:3000
2025-11-25T11:58:15: 
2025-11-25T11:58:15:  ✓ Starting...
2025-11-25T11:58:19:   ▲ Next.js 14.2.16
2025-11-25T11:58:19:   - Local:        http://localhost:3000
2025-11-25T11:58:19: 
2025-11-25T11:58:19:  ✓ Starting...
2025-11-25T11:58:23:   ▲ Next.js 14.2.16
2025-11-25T11:58:23:   - Local:        http://localhost:3000
2025-11-25T11:58:23: 
2025-11-25T11:58:23:  ✓ Starting...
2025-11-25T11:58:27:   ▲ Next.js 14.2.16
2025-11-25T11:58:27:   - Local:        http://localhost:3000
2025-11-25T11:58:27: 
2025-11-25T11:58:27:  ✓ Starting...
2025-11-25T11:58:32:   ▲ Next.js 14.2.16
2025-11-25T11:58:32:   - Local:        http://localhost:3000
2025-11-25T11:58:32: 
2025-11-25T11:58:32:  ✓ Starting...
2025-11-25T11:58:36:   ▲ Next.js 14.2.16
2025-11-25T11:58:36:   - Local:        http://localhost:3000
2025-11-25T11:58:36: 
2025-11-25T11:58:36:  ✓ Starting...
2025-11-25T11:58:40:   ▲ Next.js 14.2.16
2025-11-25T11:58:40:   - Local:        http://localhost:3000
2025-11-25T11:58:40: 
2025-11-25T11:58:40:  ✓ Starting...
2025-11-25T11:58:44:   ▲ Next.js 14.2.16
2025-11-25T11:58:44:   - Local:        http://localhost:3000
2025-11-25T11:58:44: 
2025-11-25T11:58:44:  ✓ Starting...
2025-11-25T11:58:49:   ▲ Next.js 14.2.16
2025-11-25T11:58:49:   - Local:        http://localhost:3000
2025-11-25T11:58:49: 
2025-11-25T11:58:49:  ✓ Starting...
2025-11-25T11:58:53:   ▲ Next.js 14.2.16
2025-11-25T11:58:53:   - Local:        http://localhost:3000
2025-11-25T11:58:53: 
2025-11-25T11:58:53:  ✓ Starting...
2025-11-25T11:58:57:   ▲ Next.js 14.2.16
2025-11-25T11:58:57:   - Local:        http://localhost:3000
2025-11-25T11:58:57: 
2025-11-25T11:58:57:  ✓ Starting...
2025-11-25T11:59:02:   ▲ Next.js 14.2.16
2025-11-25T11:59:02:   - Local:        http://localhost:3000
2025-11-25T11:59:02: 
2025-11-25T11:59:02:  ✓ Starting...
2025-11-25T11:59:06:   ▲ Next.js 14.2.16
2025-11-25T11:59:06:   - Local:        http://localhost:3000
2025-11-25T11:59:06: 
2025-11-25T11:59:06:  ✓ Starting...
2025-11-25T11:59:10:   ▲ Next.js 14.2.16
2025-11-25T11:59:10:   - Local:        http://localhost:3000
2025-11-25T11:59:10: 
2025-11-25T11:59:10:  ✓ Starting...
2025-11-25T11:59:15:   ▲ Next.js 14.2.16
2025-11-25T11:59:15:   - Local:        http://localhost:3000
2025-11-25T11:59:15: 
2025-11-25T11:59:15:  ✓ Starting...
2025-11-25T11:59:19:   ▲ Next.js 14.2.16
2025-11-25T11:59:19:   - Local:        http://localhost:3000
2025-11-25T11:59:19: 
2025-11-25T11:59:19:  ✓ Starting...
2025-11-25T11:59:23:   ▲ Next.js 14.2.16
2025-11-25T11:59:23:   - Local:        http://localhost:3000
2025-11-25T11:59:23: 
2025-11-25T11:59:23:  ✓ Starting...
2025-11-25T11:59:27:   ▲ Next.js 14.2.16
2025-11-25T11:59:27:   - Local:        http://localhost:3000
2025-11-25T11:59:27: 
2025-11-25T11:59:27:  ✓ Starting...
2025-11-25T11:59:32:   ▲ Next.js 14.2.16
2025-11-25T11:59:32:   - Local:        http://localhost:3000
2025-11-25T11:59:32: 
2025-11-25T11:59:32:  ✓ Starting...
2025-11-25T11:59:36:   ▲ Next.js 14.2.16
2025-11-25T11:59:36:   - Local:        http://localhost:3000
2025-11-25T11:59:36: 
2025-11-25T11:59:36:  ✓ Starting...
2025-11-25T11:59:40:   ▲ Next.js 14.2.16
2025-11-25T11:59:40:   - Local:        http://localhost:3000
2025-11-25T11:59:40: 
2025-11-25T11:59:40:  ✓ Starting...
2025-11-25T11:59:45:   ▲ Next.js 14.2.16
2025-11-25T11:59:45:   - Local:        http://localhost:3000
2025-11-25T11:59:45: 
2025-11-25T11:59:45:  ✓ Starting...
2025-11-25T11:59:49:   ▲ Next.js 14.2.16
2025-11-25T11:59:49:   - Local:        http://localhost:3000
2025-11-25T11:59:49: 
2025-11-25T11:59:49:  ✓ Starting...
2025-11-25T11:59:53:   ▲ Next.js 14.2.16
2025-11-25T11:59:53:   - Local:        http://localhost:3000
2025-11-25T11:59:53: 
2025-11-25T11:59:53:  ✓ Starting...
2025-11-25T11:59:57:   ▲ Next.js 14.2.16
2025-11-25T11:59:57:   - Local:        http://localhost:3000
2025-11-25T11:59:57: 
2025-11-25T11:59:57:  ✓ Starting...
2025-11-25T12:00:02:   ▲ Next.js 14.2.16
2025-11-25T12:00:02:   - Local:        http://localhost:3000
2025-11-25T12:00:02: 
2025-11-25T12:00:02:  ✓ Starting...
2025-11-25T12:00:06:   ▲ Next.js 14.2.16
2025-11-25T12:00:06:   - Local:        http://localhost:3000
2025-11-25T12:00:06: 
2025-11-25T12:00:06:  ✓ Starting...
2025-11-25T12:00:10:   ▲ Next.js 14.2.16
2025-11-25T12:00:10:   - Local:        http://localhost:3000
2025-11-25T12:00:10: 
2025-11-25T12:00:10:  ✓ Starting...
2025-11-25T12:00:14:   ▲ Next.js 14.2.16
2025-11-25T12:00:14:   - Local:        http://localhost:3000
2025-11-25T12:00:14: 
2025-11-25T12:00:14:  ✓ Starting...
2025-11-25T12:00:19:   ▲ Next.js 14.2.16
2025-11-25T12:00:19:   - Local:        http://localhost:3000
2025-11-25T12:00:19: 
2025-11-25T12:00:19:  ✓ Starting...
2025-11-25T12:00:23:   ▲ Next.js 14.2.16
2025-11-25T12:00:23:   - Local:        http://localhost:3000
2025-11-25T12:00:23: 
2025-11-25T12:00:23:  ✓ Starting...
2025-11-25T12:00:27:   ▲ Next.js 14.2.16
2025-11-25T12:00:27:   - Local:        http://localhost:3000
2025-11-25T12:00:27: 
2025-11-25T12:00:27:  ✓ Starting...
2025-11-25T12:00:31:   ▲ Next.js 14.2.16
2025-11-25T12:00:31:   - Local:        http://localhost:3000
2025-11-25T12:00:31: 
2025-11-25T12:00:31:  ✓ Starting...
2025-11-25T12:00:36:   ▲ Next.js 14.2.16
2025-11-25T12:00:36:   - Local:        http://localhost:3000
2025-11-25T12:00:36: 
2025-11-25T12:00:36:  ✓ Starting...
2025-11-25T12:00:40:   ▲ Next.js 14.2.16
2025-11-25T12:00:40:   - Local:        http://localhost:3000
2025-11-25T12:00:40: 
2025-11-25T12:00:40:  ✓ Starting...
2025-11-25T12:00:44:   ▲ Next.js 14.2.16
2025-11-25T12:00:44:   - Local:        http://localhost:3000
2025-11-25T12:00:44: 
2025-11-25T12:00:44:  ✓ Starting...
2025-11-25T12:00:48:   ▲ Next.js 14.2.16
2025-11-25T12:00:48:   - Local:        http://localhost:3000
2025-11-25T12:00:48: 
2025-11-25T12:00:48:  ✓ Starting...
2025-11-25T12:00:53:   ▲ Next.js 14.2.16
2025-11-25T12:00:53:   - Local:        http://localhost:3000
2025-11-25T12:00:53: 
2025-11-25T12:00:53:  ✓ Starting...
2025-11-25T12:00:57:   ▲ Next.js 14.2.16
2025-11-25T12:00:57:   - Local:        http://localhost:3000
2025-11-25T12:00:57: 
2025-11-25T12:00:57:  ✓ Starting...
2025-11-25T12:01:01:   ▲ Next.js 14.2.16
2025-11-25T12:01:01:   - Local:        http://localhost:3000
2025-11-25T12:01:01: 
2025-11-25T12:01:01:  ✓ Starting...
2025-11-25T12:01:05:   ▲ Next.js 14.2.16
2025-11-25T12:01:05:   - Local:        http://localhost:3000
2025-11-25T12:01:05: 
2025-11-25T12:01:05:  ✓ Starting...
2025-11-25T12:01:10:   ▲ Next.js 14.2.16
2025-11-25T12:01:10:   - Local:        http://localhost:3000
2025-11-25T12:01:10: 
2025-11-25T12:01:10:  ✓ Starting...
2025-11-25T12:01:14:   ▲ Next.js 14.2.16
2025-11-25T12:01:14:   - Local:        http://localhost:3000
2025-11-25T12:01:14: 
2025-11-25T12:01:14:  ✓ Starting...
2025-11-25T12:01:18:   ▲ Next.js 14.2.16
2025-11-25T12:01:18:   - Local:        http://localhost:3000
2025-11-25T12:01:18: 
2025-11-25T12:01:18:  ✓ Starting...
2025-11-25T12:01:22:   ▲ Next.js 14.2.16
2025-11-25T12:01:22:   - Local:        http://localhost:3000
2025-11-25T12:01:22: 
2025-11-25T12:01:22:  ✓ Starting...
2025-11-25T12:01:27:   ▲ Next.js 14.2.16
2025-11-25T12:01:27:   - Local:        http://localhost:3000
2025-11-25T12:01:27: 
2025-11-25T12:01:27:  ✓ Starting...
2025-11-25T12:01:31:   ▲ Next.js 14.2.16
2025-11-25T12:01:31:   - Local:        http://localhost:3000
2025-11-25T12:01:31: 
2025-11-25T12:01:31:  ✓ Starting...
2025-11-25T12:01:35:   ▲ Next.js 14.2.16
2025-11-25T12:01:35:   - Local:        http://localhost:3000
2025-11-25T12:01:35: 
2025-11-25T12:01:35:  ✓ Starting...
2025-11-25T12:01:39:   ▲ Next.js 14.2.16
2025-11-25T12:01:39:   - Local:        http://localhost:3000
2025-11-25T12:01:39: 
2025-11-25T12:01:39:  ✓ Starting...
2025-11-25T12:01:44:   ▲ Next.js 14.2.16
2025-11-25T12:01:44:   - Local:        http://localhost:3000
2025-11-25T12:01:44: 
2025-11-25T12:01:44:  ✓ Starting...
2025-11-25T12:01:48:   ▲ Next.js 14.2.16
2025-11-25T12:01:48:   - Local:        http://localhost:3000
2025-11-25T12:01:48: 
2025-11-25T12:01:48:  ✓ Starting...
2025-11-25T12:01:52:   ▲ Next.js 14.2.16
2025-11-25T12:01:52:   - Local:        http://localhost:3000
2025-11-25T12:01:52: 
2025-11-25T12:01:52:  ✓ Starting...
2025-11-25T12:01:56:   ▲ Next.js 14.2.16
2025-11-25T12:01:56:   - Local:        http://localhost:3000
2025-11-25T12:01:56: 
2025-11-25T12:01:56:  ✓ Starting...
2025-11-25T12:02:01:   ▲ Next.js 14.2.16
2025-11-25T12:02:01:   - Local:        http://localhost:3000
2025-11-25T12:02:01: 
2025-11-25T12:02:01:  ✓ Starting...
2025-11-25T12:02:05:   ▲ Next.js 14.2.16
2025-11-25T12:02:05:   - Local:        http://localhost:3000
2025-11-25T12:02:05: 
2025-11-25T12:02:05:  ✓ Starting...
2025-11-25T12:02:09:   ▲ Next.js 14.2.16
2025-11-25T12:02:09:   - Local:        http://localhost:3000
2025-11-25T12:02:09: 
2025-11-25T12:02:09:  ✓ Starting...
2025-11-25T12:02:14:   ▲ Next.js 14.2.16
2025-11-25T12:02:14:   - Local:        http://localhost:3000
2025-11-25T12:02:14: 
2025-11-25T12:02:14:  ✓ Starting...
2025-11-25T12:02:18:   ▲ Next.js 14.2.16
2025-11-25T12:02:18:   - Local:        http://localhost:3000
2025-11-25T12:02:18: 
2025-11-25T12:02:18:  ✓ Starting...
2025-11-25T12:02:22:   ▲ Next.js 14.2.16
2025-11-25T12:02:22:   - Local:        http://localhost:3000
2025-11-25T12:02:22: 
2025-11-25T12:02:22:  ✓ Starting...
2025-11-25T12:02:26:   ▲ Next.js 14.2.16
2025-11-25T12:02:26:   - Local:        http://localhost:3000
2025-11-25T12:02:26: 
2025-11-25T12:02:26:  ✓ Starting...
2025-11-25T12:02:31:   ▲ Next.js 14.2.16
2025-11-25T12:02:31:   - Local:        http://localhost:3000
2025-11-25T12:02:31: 
2025-11-25T12:02:31:  ✓ Starting...
2025-11-25T12:02:35:   ▲ Next.js 14.2.16
2025-11-25T12:02:35:   - Local:        http://localhost:3000
2025-11-25T12:02:35: 
2025-11-25T12:02:35:  ✓ Starting...
2025-11-25T12:02:39:   ▲ Next.js 14.2.16
2025-11-25T12:02:39:   - Local:        http://localhost:3000
2025-11-25T12:02:39: 
2025-11-25T12:02:39:  ✓ Starting...
2025-11-25T12:02:43:   ▲ Next.js 14.2.16
2025-11-25T12:02:43:   - Local:        http://localhost:3000
2025-11-25T12:02:43: 
2025-11-25T12:02:43:  ✓ Starting...
2025-11-25T12:02:48:   ▲ Next.js 14.2.16
2025-11-25T12:02:48:   - Local:        http://localhost:3000
2025-11-25T12:02:48: 
2025-11-25T12:02:48:  ✓ Starting...
2025-11-25T12:02:52:   ▲ Next.js 14.2.16
2025-11-25T12:02:52:   - Local:        http://localhost:3000
2025-11-25T12:02:52: 
2025-11-25T12:02:52:  ✓ Starting...
2025-11-25T12:02:56:   ▲ Next.js 14.2.16
2025-11-25T12:02:56:   - Local:        http://localhost:3000
2025-11-25T12:02:56: 
2025-11-25T12:02:56:  ✓ Starting...
2025-11-25T12:03:01:   ▲ Next.js 14.2.16
2025-11-25T12:03:01:   - Local:        http://localhost:3000
2025-11-25T12:03:01: 
2025-11-25T12:03:01:  ✓ Starting...
2025-11-25T12:03:05:   ▲ Next.js 14.2.16
2025-11-25T12:03:05:   - Local:        http://localhost:3000
2025-11-25T12:03:05: 
2025-11-25T12:03:05:  ✓ Starting...
2025-11-25T12:03:09:   ▲ Next.js 14.2.16
2025-11-25T12:03:09:   - Local:        http://localhost:3000
2025-11-25T12:03:09: 
2025-11-25T12:03:09:  ✓ Starting...
2025-11-25T12:03:14:   ▲ Next.js 14.2.16
2025-11-25T12:03:14:   - Local:        http://localhost:3000
2025-11-25T12:03:14: 
2025-11-25T12:03:14:  ✓ Starting...
2025-11-25T12:03:18:   ▲ Next.js 14.2.16
2025-11-25T12:03:18:   - Local:        http://localhost:3000
2025-11-25T12:03:18: 
2025-11-25T12:03:18:  ✓ Starting...
2025-11-25T12:03:22:   ▲ Next.js 14.2.16
2025-11-25T12:03:22:   - Local:        http://localhost:3000
2025-11-25T12:03:22: 
2025-11-25T12:03:22:  ✓ Starting...
2025-11-25T12:03:26:   ▲ Next.js 14.2.16
2025-11-25T12:03:26:   - Local:        http://localhost:3000
2025-11-25T12:03:26: 
2025-11-25T12:03:26:  ✓ Starting...
2025-11-25T12:03:31:   ▲ Next.js 14.2.16
2025-11-25T12:03:31:   - Local:        http://localhost:3000
2025-11-25T12:03:31: 
2025-11-25T12:03:31:  ✓ Starting...
2025-11-25T12:03:35:   ▲ Next.js 14.2.16
2025-11-25T12:03:35:   - Local:        http://localhost:3000
2025-11-25T12:03:35: 
2025-11-25T12:03:35:  ✓ Starting...
2025-11-25T12:03:39:   ▲ Next.js 14.2.16
2025-11-25T12:03:39:   - Local:        http://localhost:3000
2025-11-25T12:03:39: 
2025-11-25T12:03:39:  ✓ Starting...
2025-11-25T12:03:43:   ▲ Next.js 14.2.16
2025-11-25T12:03:43:   - Local:        http://localhost:3000
2025-11-25T12:03:43: 
2025-11-25T12:03:43:  ✓ Starting...
2025-11-25T12:03:48:   ▲ Next.js 14.2.16
2025-11-25T12:03:48:   - Local:        http://localhost:3000
2025-11-25T12:03:48: 
2025-11-25T12:03:48:  ✓ Starting...
2025-11-25T12:03:52:   ▲ Next.js 14.2.16
2025-11-25T12:03:52:   - Local:        http://localhost:3000
2025-11-25T12:03:52: 
2025-11-25T12:03:52:  ✓ Starting...
2025-11-25T12:03:56:   ▲ Next.js 14.2.16
2025-11-25T12:03:56:   - Local:        http://localhost:3000
2025-11-25T12:03:56: 
2025-11-25T12:03:56:  ✓ Starting...
2025-11-25T12:04:00:   ▲ Next.js 14.2.16
2025-11-25T12:04:00:   - Local:        http://localhost:3000
2025-11-25T12:04:00: 
2025-11-25T12:04:00:  ✓ Starting...
2025-11-25T12:04:05:   ▲ Next.js 14.2.16
2025-11-25T12:04:05:   - Local:        http://localhost:3000
2025-11-25T12:04:05: 
2025-11-25T12:04:05:  ✓ Starting...
2025-11-25T12:04:09:   ▲ Next.js 14.2.16
2025-11-25T12:04:09:   - Local:        http://localhost:3000
2025-11-25T12:04:09: 
2025-11-25T12:04:09:  ✓ Starting...
2025-11-25T12:04:13:   ▲ Next.js 14.2.16
2025-11-25T12:04:13:   - Local:        http://localhost:3000
2025-11-25T12:04:13: 
2025-11-25T12:04:13:  ✓ Starting...
2025-11-25T12:04:17:   ▲ Next.js 14.2.16
2025-11-25T12:04:17:   - Local:        http://localhost:3000
2025-11-25T12:04:17: 
2025-11-25T12:04:17:  ✓ Starting...
2025-11-25T12:04:22:   ▲ Next.js 14.2.16
2025-11-25T12:04:22:   - Local:        http://localhost:3000
2025-11-25T12:04:22: 
2025-11-25T12:04:22:  ✓ Starting...
2025-11-25T12:04:26:   ▲ Next.js 14.2.16
2025-11-25T12:04:26:   - Local:        http://localhost:3000
2025-11-25T12:04:26: 
2025-11-25T12:04:26:  ✓ Starting...
2025-11-25T12:04:30:   ▲ Next.js 14.2.16
2025-11-25T12:04:30:   - Local:        http://localhost:3000
2025-11-25T12:04:30: 
2025-11-25T12:04:30:  ✓ Starting...
2025-11-25T12:04:34:   ▲ Next.js 14.2.16
2025-11-25T12:04:34:   - Local:        http://localhost:3000
2025-11-25T12:04:34: 
2025-11-25T12:04:34:  ✓ Starting...
2025-11-25T12:04:39:   ▲ Next.js 14.2.16
2025-11-25T12:04:39:   - Local:        http://localhost:3000
2025-11-25T12:04:39: 
2025-11-25T12:04:39:  ✓ Starting...
2025-11-25T12:04:43:   ▲ Next.js 14.2.16
2025-11-25T12:04:43:   - Local:        http://localhost:3000
2025-11-25T12:04:43: 
2025-11-25T12:04:43:  ✓ Starting...
2025-11-25T12:04:47:   ▲ Next.js 14.2.16
2025-11-25T12:04:47:   - Local:        http://localhost:3000
2025-11-25T12:04:47: 
2025-11-25T12:04:47:  ✓ Starting...
2025-11-25T12:04:51:   ▲ Next.js 14.2.16
2025-11-25T12:04:51:   - Local:        http://localhost:3000
2025-11-25T12:04:51: 
2025-11-25T12:04:51:  ✓ Starting...
2025-11-25T12:04:56:   ▲ Next.js 14.2.16
2025-11-25T12:04:56:   - Local:        http://localhost:3000
2025-11-25T12:04:56: 
2025-11-25T12:04:56:  ✓ Starting...
2025-11-25T12:05:00:   ▲ Next.js 14.2.16
2025-11-25T12:05:00:   - Local:        http://localhost:3000
2025-11-25T12:05:00: 
2025-11-25T12:05:00:  ✓ Starting...
2025-11-25T12:05:04:   ▲ Next.js 14.2.16
2025-11-25T12:05:04:   - Local:        http://localhost:3000
2025-11-25T12:05:04: 
2025-11-25T12:05:04:  ✓ Starting...
2025-11-25T12:05:09:   ▲ Next.js 14.2.16
2025-11-25T12:05:09:   - Local:        http://localhost:3000
2025-11-25T12:05:09: 
2025-11-25T12:05:09:  ✓ Starting...
2025-11-25T12:05:13:   ▲ Next.js 14.2.16
2025-11-25T12:05:13:   - Local:        http://localhost:3000
2025-11-25T12:05:13: 
2025-11-25T12:05:13:  ✓ Starting...
2025-11-25T12:05:17:   ▲ Next.js 14.2.16
2025-11-25T12:05:17:   - Local:        http://localhost:3000
2025-11-25T12:05:17: 
2025-11-25T12:05:17:  ✓ Starting...
2025-11-25T12:05:22:   ▲ Next.js 14.2.16
2025-11-25T12:05:22:   - Local:        http://localhost:3000
2025-11-25T12:05:22: 
2025-11-25T12:05:22:  ✓ Starting...
2025-11-25T12:05:26:   ▲ Next.js 14.2.16
2025-11-25T12:05:26:   - Local:        http://localhost:3000
2025-11-25T12:05:26: 
2025-11-25T12:05:26:  ✓ Starting...
2025-11-25T12:05:30:   ▲ Next.js 14.2.16
2025-11-25T12:05:30:   - Local:        http://localhost:3000
2025-11-25T12:05:30: 
2025-11-25T12:05:30:  ✓ Starting...
2025-11-25T12:05:34:   ▲ Next.js 14.2.16
2025-11-25T12:05:34:   - Local:        http://localhost:3000
2025-11-25T12:05:34: 
2025-11-25T12:05:34:  ✓ Starting...
2025-11-30T08:54:18:   ▲ Next.js 14.2.16
2025-11-30T08:54:18:   - Local:        http://localhost:3000
2025-11-30T08:54:18: 
2025-11-30T08:54:18:  ✓ Starting...
2025-11-30T08:54:23:   ▲ Next.js 14.2.16
2025-11-30T08:54:23:   - Local:        http://localhost:3000
2025-11-30T08:54:23: 
2025-11-30T08:54:23:  ✓ Starting...
2025-12-02T12:56:31:   ▲ Next.js 14.2.16
2025-12-02T12:56:31:   - Local:        http://localhost:3000
2025-12-02T12:56:31: 
2025-12-02T12:56:31:  ✓ Starting...
2025-12-02T12:56:31:  ✓ Ready in 542ms
2025-12-02T14:23:00:   ▲ Next.js 14.2.16
2025-12-02T14:23:00:   - Local:        http://localhost:3000
2025-12-02T14:23:00: 
2025-12-02T14:23:00:  ✓ Starting...
2025-12-02T14:23:00:  ✓ Ready in 242ms
2025-12-02T14:28:21: 📧 Normalized email for storage: 2023498964@student.uitm.edu.my Original: 2023498964@student.uitm.edu.my
2025-12-02T14:28:21: 🆔 Generated user ID: 09
2025-12-02T14:28:38: 🔑 Generated verification code: 2103 Type: string Length: 4
2025-12-02T14:28:38: 🔑 Generated code after photo capture: 2103 Type: string Length: 4
2025-12-02T14:28:38: 📧 Normalized email for storage: 2023498964@student.uitm.edu.my
2025-12-02T14:28:38: 📧 Original email from userData: 2023498964@student.uitm.edu.my
2025-12-02T14:28:47: ✅ Code saved. Current stored codes: []
2025-12-02T14:28:47: 🔄 Retry - All codes in database: []
2025-12-02T14:28:47: 📧 Sending email to: 2023498964@student.uitm.edu.my
2025-12-02T14:28:47: 📧 Attempting to send email via Gmail to: 2023498964@student.uitm.edu.my
2025-12-02T14:28:49: ✅ Verification email sent via Gmail successfully!
2025-12-02T14:28:49: 📧 Message ID: <bd5d184f-f01d-3705-b7d4-6f208ebac061@gmail.com>
2025-12-02T14:28:49: 📧 Sent to: 2023498964@student.uitm.edu.my
2025-12-02T14:28:49: 📧 Email sending result: { sent: true, hasError: false, error: undefined }
2025-12-02T14:28:49: ✅ Verification email sent successfully to: 2023498964@student.uitm.edu.my
2025-12-02T14:28:59: 📥 Received verification request: {
2025-12-02T14:28:59:   hasVerificationCode: true,
2025-12-02T14:28:59:   hasUserData: true,
2025-12-02T14:28:59:   userDataEmail: '2023498964@student.uitm.edu.my',
2025-12-02T14:28:59:   verificationCodeType: 'string',
2025-12-02T14:28:59:   verificationCodeValue: '2103'
2025-12-02T14:28:59: }
2025-12-02T14:28:59: 🔐 Verification attempt: {
2025-12-02T14:28:59:   originalEmail: '2023498964@student.uitm.edu.my',
2025-12-02T14:28:59:   normalizedEmail: '2023498964@student.uitm.edu.my',
2025-12-02T14:28:59:   originalCode: '2103',
2025-12-02T14:28:59:   normalizedCode: '2103',
2025-12-02T14:28:59:   codeLength: 4,
2025-12-02T14:28:59:   codePreview: '21**',
2025-12-02T14:28:59:   userDataVerificationCode: '2103',
2025-12-02T14:28:59:   userDataKeys: [
2025-12-02T14:28:59:     'id',
2025-12-02T14:28:59:     'fullName',
2025-12-02T14:28:59:     'username',
2025-12-02T14:28:59:     'address',
2025-12-02T14:28:59:     'department',
2025-12-02T14:28:59:     'emergencyContact',
2025-12-02T14:28:59:     'email',
2025-12-02T14:28:59:     'password',
2025-12-02T14:28:59:     'phoneNumber',
2025-12-02T14:28:59:     'institution',
2025-12-02T14:28:59:     'lecturerContactName',
2025-12-02T14:28:59:     'lecturerContactPhone',
2025-12-02T14:28:59:     'verificationCode',
2025-12-02T14:28:59:     'profilePhoto'
2025-12-02T14:28:59:   ]
2025-12-02T14:28:59: }
2025-12-02T14:28:59: 📋 All stored verification codes BEFORE verification: []
2025-12-02T14:28:59: 🔍 Looking for email: 2023498964@student.uitm.edu.my
2025-12-02T14:28:59: 🔍 Looking for code: 2103
2025-12-02T14:28:59: 🔍 UserData verificationCode (fallback): 2103
2025-12-02T14:29:07: 🔍 Looking up code for email: 2023498964@student.uitm.edu.my at time: 1764656947882
2025-12-02T14:29:07: 🔍 Database verification result: false
2025-12-02T14:29:07: 🔄 Trying fallback verification: {
2025-12-02T14:29:07:   storedCode: '2103',
2025-12-02T14:29:07:   enteredCode: '2103',
2025-12-02T14:29:07:   match: true,
2025-12-02T14:29:07:   storedLength: 4,
2025-12-02T14:29:07:   enteredLength: 4
2025-12-02T14:29:07: }
2025-12-02T14:29:07: ✅ Fallback verification successful!
2025-12-02T14:29:07: 🔍 Final verification result: true
2025-12-02T14:29:07: 📋 All stored verification codes AFTER verification: []
2025-12-02T14:29:07: 👤 Creating user in database: {
2025-12-02T14:29:07:   id: '09',
2025-12-02T14:29:07:   username: 'farah123',
2025-12-02T14:29:07:   email: '2023498964@student.uitm.edu.my',
2025-12-02T14:29:07:   hasProfilePhoto: true,
2025-12-02T14:29:07:   hasEmergencyContact: true
2025-12-02T14:29:07: }
2025-12-02T14:34:06: 📥 Received verification request: {
2025-12-02T14:34:06:   hasVerificationCode: true,
2025-12-02T14:34:06:   hasUserData: true,
2025-12-02T14:34:06:   userDataEmail: '2023498964@student.uitm.edu.my',
2025-12-02T14:34:06:   verificationCodeType: 'string',
2025-12-02T14:34:06:   verificationCodeValue: '2103'
2025-12-02T14:34:06: }
2025-12-02T14:34:06: 🔐 Verification attempt: {
2025-12-02T14:34:06:   originalEmail: '2023498964@student.uitm.edu.my',
2025-12-02T14:34:06:   normalizedEmail: '2023498964@student.uitm.edu.my',
2025-12-02T14:34:06:   originalCode: '2103',
2025-12-02T14:34:06:   normalizedCode: '2103',
2025-12-02T14:34:06:   codeLength: 4,
2025-12-02T14:34:06:   codePreview: '21**',
2025-12-02T14:34:06:   userDataVerificationCode: '2103',
2025-12-02T14:34:06:   userDataKeys: [
2025-12-02T14:34:06:     'id',
2025-12-02T14:34:06:     'fullName',
2025-12-02T14:34:06:     'username',
2025-12-02T14:34:06:     'address',
2025-12-02T14:34:06:     'department',
2025-12-02T14:34:06:     'emergencyContact',
2025-12-02T14:34:06:     'email',
2025-12-02T14:34:06:     'password',
2025-12-02T14:34:06:     'phoneNumber',
2025-12-02T14:34:06:     'institution',
2025-12-02T14:34:06:     'lecturerContactName',
2025-12-02T14:34:06:     'lecturerContactPhone',
2025-12-02T14:34:06:     'verificationCode',
2025-12-02T14:34:06:     'profilePhoto'
2025-12-02T14:34:06:   ]
2025-12-02T14:34:06: }
2025-12-02T14:34:06: 📋 All stored verification codes BEFORE verification: []
2025-12-02T14:34:06: 🔍 Looking for email: 2023498964@student.uitm.edu.my
2025-12-02T14:34:06: 🔍 Looking for code: 2103
2025-12-02T14:34:06: 🔍 UserData verificationCode (fallback): 2103
2025-12-02T14:34:14: 🔍 Looking up code for email: 2023498964@student.uitm.edu.my at time: 1764657254717
2025-12-02T14:34:14: 🔍 Database verification result: false
2025-12-02T14:34:14: 🔄 Trying fallback verification: {
2025-12-02T14:34:14:   storedCode: '2103',
2025-12-02T14:34:14:   enteredCode: '2103',
2025-12-02T14:34:14:   match: true,
2025-12-02T14:34:14:   storedLength: 4,
2025-12-02T14:34:14:   enteredLength: 4
2025-12-02T14:34:14: }
2025-12-02T14:34:14: ✅ Fallback verification successful!
2025-12-02T14:34:14: 🔍 Final verification result: true
2025-12-02T14:34:14: 📋 All stored verification codes AFTER verification: []
2025-12-02T14:34:14: 👤 Creating user in database: {
2025-12-02T14:34:14:   id: '09',
2025-12-02T14:34:14:   username: 'farah123',
2025-12-02T14:34:14:   email: '2023498964@student.uitm.edu.my',
2025-12-02T14:34:14:   hasProfilePhoto: true,
2025-12-02T14:34:14:   hasEmergencyContact: true
2025-12-02T14:34:14: }
2025-12-02T14:35:43: 📧 Normalized email for storage: 2023498964@student.uitm.edu.my Original: 2023498964@student.uitm.edu.my
2025-12-02T14:35:43: 🆔 Generated user ID: 09
2025-12-04T15:07:24: 📧 Normalized email for storage: 2023498964@student.uitm.edu.my Original: 2023498964@student.uitm.edu.my
2025-12-04T15:07:24: 🆔 Generated user ID: 09
2025-12-04T15:13:50: 🔑 Generated verification code: 4100 Type: string Length: 4
2025-12-04T15:13:50: 🔑 Generated code after photo capture: 4100 Type: string Length: 4
2025-12-04T15:13:50: 📧 Normalized email for storage: 2023498964@student.uitm.edu.my
2025-12-04T15:13:50: 📧 Original email from userData: 2023498964@student.uitm.edu.my
2025-12-04T15:13:58: ✅ Code saved. Current stored codes: []
2025-12-04T15:13:58: 🔄 Retry - All codes in database: []
2025-12-04T15:13:58: 📧 Sending email to: 2023498964@student.uitm.edu.my
2025-12-04T15:13:58: 📧 Attempting to send email via Gmail to: 2023498964@student.uitm.edu.my
2025-12-04T15:14:01: ✅ Verification email sent via Gmail successfully!
2025-12-04T15:22:47:   ▲ Next.js 14.2.16
2025-12-04T15:22:47:   - Local:        http://localhost:3000
2025-12-04T15:22:47: 
2025-12-04T15:22:47:  ✓ Starting...
2025-12-04T15:32:09:   ▲ Next.js 14.2.16
2025-12-04T15:32:09:   - Local:        http://localhost:3000
2025-12-04T15:32:09: 
2025-12-04T15:32:09:  ✓ Starting...
2025-12-04T15:32:13:   ▲ Next.js 14.2.16
2025-12-04T15:32:13:   - Local:        http://localhost:3000
2025-12-04T15:32:13: 
2025-12-04T15:32:13:  ✓ Starting...
2025-12-04T15:32:24:   ▲ Next.js 14.2.16
2025-12-04T15:32:24:   - Local:        http://localhost:3000
2025-12-04T15:32:24: 
2025-12-04T15:32:24:  ✓ Starting...
2025-12-04T15:32:33:   ▲ Next.js 14.2.16
2025-12-04T15:32:33:   - Local:        http://localhost:3000
2025-12-04T15:32:33: 
2025-12-04T15:32:33:  ✓ Starting...
2025-12-04T15:32:41:   ▲ Next.js 14.2.16
2025-12-04T15:32:41:   - Local:        http://localhost:3000
2025-12-04T15:32:41: 
2025-12-04T15:32:41:  ✓ Starting...
2025-12-04T15:32:46:   ▲ Next.js 14.2.16
2025-12-04T15:32:46:   - Local:        http://localhost:3000
2025-12-04T15:32:46: 
2025-12-04T15:32:46:  ✓ Starting...
2025-12-04T15:32:51:   ▲ Next.js 14.2.16
2025-12-04T15:32:51:   - Local:        http://localhost:3000
2025-12-04T15:32:51: 
2025-12-04T15:32:51:  ✓ Starting...
2025-12-04T15:32:55:   ▲ Next.js 14.2.16
2025-12-04T15:32:55:   - Local:        http://localhost:3000
2025-12-04T15:32:55: 
2025-12-04T15:32:55:  ✓ Starting...
2025-12-04T15:32:59:   ▲ Next.js 14.2.16
2025-12-04T15:32:59:   - Local:        http://localhost:3000
2025-12-04T15:32:59: 
2025-12-04T15:32:59:  ✓ Starting...
2025-12-04T15:33:04:   ▲ Next.js 14.2.16
2025-12-04T15:33:04:   - Local:        http://localhost:3000
2025-12-04T15:33:04: 
2025-12-04T15:33:04:  ✓ Starting...
2025-12-04T15:33:10:   ▲ Next.js 14.2.16
2025-12-04T15:33:10:   - Local:        http://localhost:3000
2025-12-04T15:33:10: 
2025-12-04T15:33:10:  ✓ Starting...
2025-12-04T15:33:14:   ▲ Next.js 14.2.16
2025-12-04T15:33:14:   - Local:        http://localhost:3000
2025-12-04T15:33:14: 
2025-12-04T15:33:14:  ✓ Starting...
2025-12-04T15:33:19:   ▲ Next.js 14.2.16
2025-12-04T15:33:19:   - Local:        http://localhost:3000
2025-12-04T15:33:19: 
2025-12-04T15:33:19:  ✓ Starting...
2025-12-04T15:33:23:   ▲ Next.js 14.2.16
2025-12-04T15:33:23:   - Local:        http://localhost:3000
2025-12-04T15:33:23: 
2025-12-04T15:33:23:  ✓ Starting...
2025-12-04T15:33:27:   ▲ Next.js 14.2.16
2025-12-04T15:33:27:   - Local:        http://localhost:3000
2025-12-04T15:33:27: 
2025-12-04T15:33:27:  ✓ Starting...
2025-12-04T15:33:31:   ▲ Next.js 14.2.16
2025-12-04T15:33:31:   - Local:        http://localhost:3000
2025-12-04T15:33:31: 
2025-12-04T15:33:31:  ✓ Starting...
2025-12-04T15:33:36:   ▲ Next.js 14.2.16
2025-12-04T15:33:36:   - Local:        http://localhost:3000
2025-12-04T15:33:36: 
2025-12-04T15:33:36:  ✓ Starting...
2025-12-04T15:33:40:   ▲ Next.js 14.2.16
2025-12-04T15:33:40:   - Local:        http://localhost:3000
2025-12-04T15:33:40: 
2025-12-04T15:33:40:  ✓ Starting...
2025-12-04T15:33:44:   ▲ Next.js 14.2.16
2025-12-04T15:33:44:   - Local:        http://localhost:3000
2025-12-04T15:33:44: 
2025-12-04T15:33:44:  ✓ Starting...
2025-12-04T15:33:49:   ▲ Next.js 14.2.16
2025-12-04T15:33:49:   - Local:        http://localhost:3000
2025-12-04T15:33:49: 
2025-12-04T15:33:49:  ✓ Starting...
2025-12-04T15:33:53:   ▲ Next.js 14.2.16
2025-12-04T15:33:53:   - Local:        http://localhost:3000
2025-12-04T15:33:53: 
2025-12-04T15:33:53:  ✓ Starting...
2025-12-04T15:33:57:   ▲ Next.js 14.2.16
2025-12-04T15:33:57:   - Local:        http://localhost:3000
2025-12-04T15:33:57: 
2025-12-04T15:33:57:  ✓ Starting...
2025-12-04T15:34:01:   ▲ Next.js 14.2.16
2025-12-04T15:34:01:   - Local:        http://localhost:3000
2025-12-04T15:34:01: 
2025-12-04T15:34:01:  ✓ Starting...
2025-12-04T15:34:06:   ▲ Next.js 14.2.16
2025-12-04T15:34:06:   - Local:        http://localhost:3000
2025-12-04T15:34:06: 
2025-12-04T15:34:06:  ✓ Starting...
2025-12-04T15:34:10:   ▲ Next.js 14.2.16
2025-12-04T15:34:10:   - Local:        http://localhost:3000
2025-12-04T15:34:10: 
2025-12-04T15:34:10:  ✓ Starting...
2025-12-04T15:34:14:   ▲ Next.js 14.2.16
2025-12-04T15:34:14:   - Local:        http://localhost:3000
2025-12-04T15:34:14: 
2025-12-04T15:34:14:  ✓ Starting...
2025-12-04T15:34:18:   ▲ Next.js 14.2.16
2025-12-04T15:34:18:   - Local:        http://localhost:3000
2025-12-04T15:34:18: 
2025-12-04T15:34:18:  ✓ Starting...
2025-12-04T15:34:23:   ▲ Next.js 14.2.16
2025-12-04T15:34:23:   - Local:        http://localhost:3000
2025-12-04T15:34:23: 
2025-12-04T15:34:23:  ✓ Starting...
2025-12-04T15:34:27:   ▲ Next.js 14.2.16
2025-12-04T15:34:27:   - Local:        http://localhost:3000
2025-12-04T15:34:27: 
2025-12-04T15:34:27:  ✓ Starting...
2025-12-04T15:34:31:   ▲ Next.js 14.2.16
2025-12-04T15:34:31:   - Local:        http://localhost:3000
2025-12-04T15:34:31: 
2025-12-04T15:34:31:  ✓ Starting...
2025-12-04T15:34:35:   ▲ Next.js 14.2.16
2025-12-04T15:34:35:   - Local:        http://localhost:3000
2025-12-04T15:34:35: 
2025-12-04T15:34:35:  ✓ Starting...
2025-12-04T15:34:40:   ▲ Next.js 14.2.16
2025-12-04T15:34:40:   - Local:        http://localhost:3000
2025-12-04T15:34:40: 
2025-12-04T15:34:40:  ✓ Starting...
2025-12-04T15:34:44:   ▲ Next.js 14.2.16
2025-12-04T15:34:44:   - Local:        http://localhost:3000
2025-12-04T15:34:44: 
2025-12-04T15:34:44:  ✓ Starting...
2025-12-04T15:34:48:   ▲ Next.js 14.2.16
2025-12-04T15:34:48:   - Local:        http://localhost:3000
2025-12-04T15:34:48: 
2025-12-04T15:34:48:  ✓ Starting...
2025-12-04T15:34:52:   ▲ Next.js 14.2.16
2025-12-04T15:34:52:   - Local:        http://localhost:3000
2025-12-04T15:34:52: 
2025-12-04T15:34:52:  ✓ Starting...
2025-12-04T15:34:57:   ▲ Next.js 14.2.16
2025-12-04T15:34:57:   - Local:        http://localhost:3000
2025-12-04T15:34:57: 
2025-12-04T15:34:57:  ✓ Starting...
2025-12-04T15:35:01:   ▲ Next.js 14.2.16
2025-12-04T15:35:01:   - Local:        http://localhost:3000
2025-12-04T15:35:01: 
2025-12-04T15:35:01:  ✓ Starting...
2025-12-04T15:35:05:   ▲ Next.js 14.2.16
2025-12-04T15:35:05:   - Local:        http://localhost:3000
2025-12-04T15:35:05: 
2025-12-04T15:35:05:  ✓ Starting...
2025-12-04T15:35:10:   ▲ Next.js 14.2.16
2025-12-04T15:35:10:   - Local:        http://localhost:3000
2025-12-04T15:35:10: 
2025-12-04T15:35:10:  ✓ Starting...
2025-12-04T15:35:14:   ▲ Next.js 14.2.16
2025-12-04T15:35:14:   - Local:        http://localhost:3000
2025-12-04T15:35:14: 
2025-12-04T15:35:14:  ✓ Starting...
2025-12-04T15:35:19:   ▲ Next.js 14.2.16
2025-12-04T15:35:19:   - Local:        http://localhost:3000
2025-12-04T15:35:19: 
2025-12-04T15:35:19:  ✓ Starting...
2025-12-04T15:35:23:   ▲ Next.js 14.2.16
2025-12-04T15:35:23:   - Local:        http://localhost:3000
2025-12-04T15:35:23: 
2025-12-04T15:35:23:  ✓ Starting...
2025-12-04T15:35:27:   ▲ Next.js 14.2.16
2025-12-04T15:35:27:   - Local:        http://localhost:3000
2025-12-04T15:35:27: 
2025-12-04T15:35:27:  ✓ Starting...
2025-12-04T15:35:32:   ▲ Next.js 14.2.16
2025-12-04T15:35:32:   - Local:        http://localhost:3000
2025-12-04T15:35:32: 
2025-12-04T15:35:32:  ✓ Starting...
2025-12-04T15:35:36:   ▲ Next.js 14.2.16
2025-12-04T15:35:36:   - Local:        http://localhost:3000
2025-12-04T15:35:36: 
2025-12-04T15:35:36:  ✓ Starting...
2025-12-04T15:35:40:   ▲ Next.js 14.2.16
2025-12-04T15:35:40:   - Local:        http://localhost:3000
2025-12-04T15:35:40: 
2025-12-04T15:35:40:  ✓ Starting...
2025-12-04T15:35:45:   ▲ Next.js 14.2.16
2025-12-04T15:35:45:   - Local:        http://localhost:3000
2025-12-04T15:35:45: 
2025-12-04T15:35:45:  ✓ Starting...
2025-12-04T15:35:50:   ▲ Next.js 14.2.16
2025-12-04T15:35:50:   - Local:        http://localhost:3000
2025-12-04T15:35:50: 
2025-12-04T15:35:50:  ✓ Starting...
2025-12-04T15:35:54:   ▲ Next.js 14.2.16
2025-12-04T15:35:54:   - Local:        http://localhost:3000
2025-12-04T15:35:54: 
2025-12-04T15:35:54:  ✓ Starting...
2025-12-04T15:36:00:   ▲ Next.js 14.2.16
2025-12-04T15:36:00:   - Local:        http://localhost:3000
2025-12-04T15:36:00: 
2025-12-04T15:36:00:  ✓ Starting...
2025-12-04T15:36:05:   ▲ Next.js 14.2.16
2025-12-04T15:36:05:   - Local:        http://localhost:3000
2025-12-04T15:36:05: 
2025-12-04T15:36:05:  ✓ Starting...
2025-12-04T15:36:09:   ▲ Next.js 14.2.16
2025-12-04T15:36:09:   - Local:        http://localhost:3000
2025-12-04T15:36:09: 
2025-12-04T15:36:09:  ✓ Starting...
2025-12-04T15:36:13:   ▲ Next.js 14.2.16
2025-12-04T15:36:13:   - Local:        http://localhost:3000
2025-12-04T15:36:13: 
2025-12-04T15:36:13:  ✓ Starting...
2025-12-04T15:36:18:   ▲ Next.js 14.2.16
2025-12-04T15:36:18:   - Local:        http://localhost:3000
2025-12-04T15:36:18: 
2025-12-04T15:36:18:  ✓ Starting...
2025-12-04T15:36:22:   ▲ Next.js 14.2.16
2025-12-04T15:36:22:   - Local:        http://localhost:3000
2025-12-04T15:36:22: 
2025-12-04T15:36:22:  ✓ Starting...
2025-12-04T15:36:26:   ▲ Next.js 14.2.16
2025-12-04T15:36:26:   - Local:        http://localhost:3000
2025-12-04T15:36:26: 
2025-12-04T15:36:26:  ✓ Starting...
2025-12-04T15:36:31:   ▲ Next.js 14.2.16
2025-12-04T15:36:31:   - Local:        http://localhost:3000
2025-12-04T15:36:31: 
2025-12-04T15:36:31:  ✓ Starting...
2025-12-04T15:36:35:   ▲ Next.js 14.2.16
2025-12-04T15:36:35:   - Local:        http://localhost:3000
2025-12-04T15:36:35: 
2025-12-04T15:36:35:  ✓ Starting...
2025-12-04T15:36:39:   ▲ Next.js 14.2.16
2025-12-04T15:36:39:   - Local:        http://localhost:3000
2025-12-04T15:36:39: 
2025-12-04T15:36:39:  ✓ Starting...
2025-12-04T15:36:43:   ▲ Next.js 14.2.16
2025-12-04T15:36:43:   - Local:        http://localhost:3000
2025-12-04T15:36:43: 
2025-12-04T15:36:43:  ✓ Starting...
2025-12-04T15:36:48:   ▲ Next.js 14.2.16
2025-12-04T15:36:48:   - Local:        http://localhost:3000
2025-12-04T15:36:48: 
2025-12-04T15:36:48:  ✓ Starting...
2025-12-04T15:36:52:   ▲ Next.js 14.2.16
2025-12-04T15:36:52:   - Local:        http://localhost:3000
2025-12-04T15:36:52: 
2025-12-04T15:36:52:  ✓ Starting...
2025-12-04T15:36:56:   ▲ Next.js 14.2.16
2025-12-04T15:36:56:   - Local:        http://localhost:3000
2025-12-04T15:36:56: 
2025-12-04T15:36:56:  ✓ Starting...
2025-12-04T15:37:00:   ▲ Next.js 14.2.16
2025-12-04T15:37:00:   - Local:        http://localhost:3000
2025-12-04T15:37:00: 
2025-12-04T15:37:00:  ✓ Starting...
2025-12-04T15:37:05:   ▲ Next.js 14.2.16
2025-12-04T15:37:05:   - Local:        http://localhost:3000
2025-12-04T15:37:05: 
2025-12-04T15:37:05:  ✓ Starting...
2025-12-04T15:37:09:   ▲ Next.js 14.2.16
2025-12-04T15:37:09:   - Local:        http://localhost:3000
2025-12-04T15:37:09: 
2025-12-04T15:37:09:  ✓ Starting...
2025-12-04T15:37:13:   ▲ Next.js 14.2.16
2025-12-04T15:37:13:   - Local:        http://localhost:3000
2025-12-04T15:37:13: 
2025-12-04T15:37:13:  ✓ Starting...
2025-12-04T15:37:18:   ▲ Next.js 14.2.16
2025-12-04T15:37:18:   - Local:        http://localhost:3000
2025-12-04T15:37:18: 
2025-12-04T15:37:18:  ✓ Starting...
2025-12-04T15:37:22:   ▲ Next.js 14.2.16
2025-12-04T15:37:22:   - Local:        http://localhost:3000
2025-12-04T15:37:22: 
2025-12-04T15:37:22:  ✓ Starting...
2025-12-04T15:37:26:   ▲ Next.js 14.2.16
2025-12-04T15:37:26:   - Local:        http://localhost:3000
2025-12-04T15:37:26: 
2025-12-04T15:37:26:  ✓ Starting...
2025-12-04T15:37:30:   ▲ Next.js 14.2.16
2025-12-04T15:37:30:   - Local:        http://localhost:3000
2025-12-04T15:37:30: 
2025-12-04T15:37:30:  ✓ Starting...
2025-12-04T15:37:35:   ▲ Next.js 14.2.16
2025-12-04T15:37:35:   - Local:        http://localhost:3000
2025-12-04T15:37:35: 
2025-12-04T15:37:35:  ✓ Starting...
2025-12-04T15:37:39:   ▲ Next.js 14.2.16
2025-12-04T15:37:39:   - Local:        http://localhost:3000
2025-12-04T15:37:39: 
2025-12-04T15:37:39:  ✓ Starting...
2025-12-04T15:37:43:   ▲ Next.js 14.2.16
2025-12-04T15:37:43:   - Local:        http://localhost:3000
2025-12-04T15:37:43: 
2025-12-04T15:37:43:  ✓ Starting...
2025-12-04T15:37:47:   ▲ Next.js 14.2.16
2025-12-04T15:37:47:   - Local:        http://localhost:3000
2025-12-04T15:37:47: 
2025-12-04T15:37:47:  ✓ Starting...
2025-12-04T15:37:52:   ▲ Next.js 14.2.16
2025-12-04T15:37:52:   - Local:        http://localhost:3000
2025-12-04T15:37:52: 
2025-12-04T15:37:52:  ✓ Starting...
2025-12-04T15:37:56:   ▲ Next.js 14.2.16
2025-12-04T15:37:56:   - Local:        http://localhost:3000
2025-12-04T15:37:56: 
2025-12-04T15:37:56:  ✓ Starting...
2025-12-04T15:38:00:   ▲ Next.js 14.2.16
2025-12-04T15:38:00:   - Local:        http://localhost:3000
2025-12-04T15:38:00: 
2025-12-04T15:38:00:  ✓ Starting...
2025-12-04T15:38:05:   ▲ Next.js 14.2.16
2025-12-04T15:38:05:   - Local:        http://localhost:3000
2025-12-04T15:38:05: 
2025-12-04T15:38:05:  ✓ Starting...
2025-12-04T15:38:05:  ✓ Ready in 137ms
2025-12-04T15:39:15: 
> my-v0-project@0.1.0 dev
> next dev

2025-12-04T15:39:41: 2025-12-04T15:39:41: 
> my-v0-project@0.1.0 dev
> next dev

2025-12-04T15:42:37: 2025-12-04T15:42:37: 
> my-v0-project@0.1.0 dev
> next dev

2025-12-04T15:49:39: 2025-12-04T15:49:39: 2025-12-04T15:49:39: 
> my-v0-project@0.1.0 dev
> next dev

2025-12-07T08:25:32: 2025-12-07T08:25:32: 
> my-v0-project@0.1.0 dev
> next dev

2025-12-07T08:25:42: 2025-12-07T08:25:42: 
> my-v0-project@0.1.0 dev
> next dev

2025-12-07T08:28:50: 2025-12-07T08:28:50: 
> my-v0-project@0.1.0 dev
> next dev

2025-12-07T08:29:52: 2025-12-07T08:29:52: 
> my-v0-project@0.1.0 dev
> next dev

2025-12-07T08:32:48: 2025-12-07T08:32:48: 
> my-v0-project@0.1.0 dev
> next dev

2025-12-07T08:34:56: 2025-12-07T08:34:56: 
> my-v0-project@0.1.0 dev
> next dev

2025-12-07T08:37:16: 2025-12-07T08:37:16: 
> my-v0-project@0.1.0 dev
> next dev

2025-12-07T08:39:06: 2025-12-07T08:39:06: 2025-12-07T08:39:06: 
> my-v0-project@0.1.0 dev
> next dev

2025-12-07T08:39:28: 2025-12-07T08:39:29: 
> my-v0-project@0.1.0 dev
> next dev

2025-12-07T08:41:31: 2025-12-07T08:41:31: 
> my-v0-project@0.1.0 dev
> next dev

2025-12-07T08:41:44: 2025-12-07T08:41:44: 
> my-v0-project@0.1.0 dev
> next dev

2025-12-07T08:42:05: 2025-12-07T08:42:05: 
> my-v0-project@0.1.0 dev
> next dev

2025-12-07T08:49:10: 2025-12-07T08:49:10: 
> my-v0-project@0.1.0 dev
> next dev

2025-12-07T08:54:38: 2025-12-07T08:54:38: 
> my-v0-project@0.1.0 dev
> next dev

2025-12-07T09:05:56: 2025-12-07T09:05:56: 
> my-v0-project@0.1.0 dev
> next dev

2025-12-07T09:06:13: 2025-12-07T09:06:13: 
> my-v0-project@0.1.0 dev
> next dev

2025-12-07T09:12:23: 2025-12-07T09:12:23: 
> my-v0-project@0.1.0 dev
> next dev

2025-12-07T09:12:34: 2025-12-07T09:12:34: 2025-12-07T09:12:34: 
> my-v0-project@0.1.0 dev
> next dev

2025-12-07T09:12:44: 2025-12-07T09:12:44: 
> my-v0-project@0.1.0 dev
> next dev

2025-12-07T09:22:01: 2025-12-07T09:22:02: 
> my-v0-project@0.1.0 dev
> next dev

2025-12-07T09:22:18: 2025-12-07T09:22:18: 
> my-v0-project@0.1.0 dev
> next dev

2025-12-07T09:39:00: 2025-12-07T09:39:00: 
> my-v0-project@0.1.0 dev
> next dev

2025-12-07T09:42:05: 2025-12-07T09:42:05: 
> my-v0-project@0.1.0 dev
> next dev

2025-12-07T09:49:37: 2025-12-07T09:49:37: 
> my-v0-project@0.1.0 dev
> next dev

2025-12-07T09:49:52: 2025-12-07T09:49:52: 
> my-v0-project@0.1.0 dev
> next dev

2025-12-07T09:50:06: 2025-12-07T09:50:06: 
> my-v0-project@0.1.0 dev
> next dev

2025-12-07T09:52:59: 2025-12-07T09:52:59: 2025-12-07T09:52:59: 
> my-v0-project@0.1.0 dev
> next dev

2025-12-07T10:01:38: 2025-12-07T10:01:39: 
> my-v0-project@0.1.0 dev
> next dev

2025-12-07T10:06:08: 2025-12-07T10:06:08: 
> my-v0-project@0.1.0 dev
> next dev

2025-12-07T10:06:30: 2025-12-07T10:06:30: 
> my-v0-project@0.1.0 dev
> next dev

2025-12-07T10:09:45: 2025-12-07T10:09:45: 2025-12-07T10:09:46: 
> my-v0-project@0.1.0 dev
> next dev

2025-12-07T10:10:03: 2025-12-07T10:10:03: 2025-12-07T10:10:03: 
> my-v0-project@0.1.0 dev
> next dev

2025-12-07T11:52:39: 2025-12-07T11:52:39: 
> my-v0-project@0.1.0 dev
> next dev

2025-12-07T11:57:45: 2025-12-07T11:57:46: 
> my-v0-project@0.1.0 dev
> next dev

2025-12-07T11:59:29: 2025-12-07T11:59:29: 
> my-v0-project@0.1.0 dev
> next dev

2025-12-07T12:00:11: 2025-12-07T12:00:11: 
> my-v0-project@0.1.0 dev
> next dev

2025-12-07T12:20:54: 2025-12-07T12:20:54: 2025-12-07T12:20:54: 
> my-v0-project@0.1.0 dev
> next dev

2025-12-07T12:21:10: 2025-12-07T12:21:10: 
> my-v0-project@0.1.0 dev
> next dev

2025-12-08T08:36:44: 2025-12-08T08:36:45: 
> my-v0-project@0.1.0 dev
> next dev

2025-12-08T08:37:26: 2025-12-08T08:37:26: 
> my-v0-project@0.1.0 dev
> next dev

2025-12-08T08:56:21: 2025-12-08T08:56:21: 
> my-v0-project@0.1.0 dev
> next dev

2025-12-08T09:07:24: 2025-12-08T09:07:25: 
> my-v0-project@0.1.0 dev
> next dev

2025-12-08T09:16:10: 2025-12-08T09:16:10: 
> my-v0-project@0.1.0 dev
> next dev

2025-12-08T09:18:24: 2025-12-08T09:18:24: 
> my-v0-project@0.1.0 dev
> next dev

2025-12-08T09:19:49: 2025-12-08T09:19:50: 
> my-v0-project@0.1.0 dev
> next dev

2025-12-08T09:22:29: 2025-12-08T09:22:30: 
> my-v0-project@0.1.0 dev
> next dev

2025-12-08T12:59:11: 2025-12-08T12:59:11: 
> my-v0-project@0.1.0 dev
> next dev

2025-12-08T13:02:11: 2025-12-08T13:02:11: 
> my-v0-project@0.1.0 dev
> next dev

2025-12-22T11:04:22: 
> my-v0-project@0.1.0 dev
> next dev

